Component: ARM Compiler 5.05 update 1 (build 106) Tool: armlink [4d0efa]

==============================================================================

Section Cross References

    startup_stm32g474xx.o(STACK) refers (Special) to heapauxi.o(.text) for __use_two_region_memory
    startup_stm32g474xx.o(HEAP) refers (Special) to heapauxi.o(.text) for __use_two_region_memory
    startup_stm32g474xx.o(RESET) refers (Special) to heapauxi.o(.text) for __use_two_region_memory
    startup_stm32g474xx.o(RESET) refers to startup_stm32g474xx.o(STACK) for __initial_sp
    startup_stm32g474xx.o(RESET) refers to startup_stm32g474xx.o(.text) for Reset_Handler
    startup_stm32g474xx.o(RESET) refers to stm32g4xx_it.o(i.NMI_Handler) for NMI_Handler
    startup_stm32g474xx.o(RESET) refers to stm32g4xx_it.o(i.HardFault_Handler) for HardFault_Handler
    startup_stm32g474xx.o(RESET) refers to stm32g4xx_it.o(i.MemManage_Handler) for MemManage_Handler
    startup_stm32g474xx.o(RESET) refers to stm32g4xx_it.o(i.BusFault_Handler) for BusFault_Handler
    startup_stm32g474xx.o(RESET) refers to stm32g4xx_it.o(i.UsageFault_Handler) for UsageFault_Handler
    startup_stm32g474xx.o(RESET) refers to stm32g4xx_it.o(i.SVC_Handler) for SVC_Handler
    startup_stm32g474xx.o(RESET) refers to stm32g4xx_it.o(i.DebugMon_Handler) for DebugMon_Handler
    startup_stm32g474xx.o(RESET) refers to stm32g4xx_it.o(i.PendSV_Handler) for PendSV_Handler
    startup_stm32g474xx.o(RESET) refers to stm32g4xx_it.o(i.SysTick_Handler) for SysTick_Handler
    startup_stm32g474xx.o(RESET) refers to stm32g4xx_it.o(i.USART1_IRQHandler) for USART1_IRQHandler
    startup_stm32g474xx.o(RESET) refers to stm32g4xx_it.o(i.EXTI15_10_IRQHandler) for EXTI15_10_IRQHandler
    startup_stm32g474xx.o(.text) refers (Special) to heapauxi.o(.text) for __use_two_region_memory
    startup_stm32g474xx.o(.text) refers to system_stm32g4xx.o(i.SystemInit) for SystemInit
    startup_stm32g474xx.o(.text) refers to __main.o(!!!main) for __main
    startup_stm32g474xx.o(.text) refers to startup_stm32g474xx.o(HEAP) for Heap_Mem
    startup_stm32g474xx.o(.text) refers to startup_stm32g474xx.o(STACK) for Stack_Mem
    main.o(i.HAL_GPIO_EXTI_Callback) refers to oled_i2c.o(i.OLED_CLS) for OLED_CLS
    main.o(i.HAL_GPIO_EXTI_Callback) refers to oled_i2c.o(i.OLED_ShowInt) for OLED_ShowInt
    main.o(i.HAL_GPIO_EXTI_Callback) refers to x9c.o(i.X9C_Inc_N_Step) for X9C_Inc_N_Step
    main.o(i.HAL_GPIO_EXTI_Callback) refers to main.o(.data) for .data
    main.o(i.SystemClock_Config) refers to rt_memclr_w.o(.text) for __aeabi_memclr4
    main.o(i.SystemClock_Config) refers to stm32g4xx_hal_pwr_ex.o(i.HAL_PWREx_ControlVoltageScaling) for HAL_PWREx_ControlVoltageScaling
    main.o(i.SystemClock_Config) refers to stm32g4xx_hal_rcc.o(i.HAL_RCC_OscConfig) for HAL_RCC_OscConfig
    main.o(i.SystemClock_Config) refers to stm32g4xx_hal_rcc.o(i.HAL_RCC_ClockConfig) for HAL_RCC_ClockConfig
    main.o(i.main) refers to stm32g4xx_hal.o(i.HAL_Init) for HAL_Init
    main.o(i.main) refers to main.o(i.SystemClock_Config) for SystemClock_Config
    main.o(i.main) refers to gpio.o(i.MX_GPIO_Init) for MX_GPIO_Init
    main.o(i.main) refers to usart.o(i.MX_USART1_UART_Init) for MX_USART1_UART_Init
    main.o(i.main) refers to delay.o(i.delay_init) for delay_init
    main.o(i.main) refers to myusart1.o(i.MyUSART1_Init) for MyUSART1_Init
    main.o(i.main) refers to oled_i2c.o(i.OLED_Init) for OLED_Init
    main.o(i.main) refers to oled_i2c.o(i.OLED_CLS) for OLED_CLS
    main.o(i.main) refers to oled_i2c.o(i.OLED_ShowStr) for OLED_ShowStr
    main.o(i.main) refers to x9c.o(i.X9C_Init) for X9C_Init
    main.o(i.main) refers to myusart1.o(i.MyUSART1_ReadLine) for MyUSART1_ReadLine
    main.o(i.main) refers to myusart1.o(i.MyUSART1_WriteLine) for MyUSART1_WriteLine
    main.o(i.main) refers to delay.o(i.delay_ms) for delay_ms
    main.o(i.main) refers to usart.o(.bss) for huart1
    gpio.o(i.MX_GPIO_Init) refers to rt_memclr_w.o(.text) for __aeabi_memclr4
    gpio.o(i.MX_GPIO_Init) refers to stm32g4xx_hal_gpio.o(i.HAL_GPIO_WritePin) for HAL_GPIO_WritePin
    gpio.o(i.MX_GPIO_Init) refers to stm32g4xx_hal_gpio.o(i.HAL_GPIO_Init) for HAL_GPIO_Init
    gpio.o(i.MX_GPIO_Init) refers to stm32g4xx_hal_cortex.o(i.HAL_NVIC_SetPriority) for HAL_NVIC_SetPriority
    gpio.o(i.MX_GPIO_Init) refers to stm32g4xx_hal_cortex.o(i.HAL_NVIC_EnableIRQ) for HAL_NVIC_EnableIRQ
    usart.o(i.HAL_UART_MspDeInit) refers to stm32g4xx_hal_gpio.o(i.HAL_GPIO_DeInit) for HAL_GPIO_DeInit
    usart.o(i.HAL_UART_MspDeInit) refers to stm32g4xx_hal_cortex.o(i.HAL_NVIC_DisableIRQ) for HAL_NVIC_DisableIRQ
    usart.o(i.HAL_UART_MspInit) refers to rt_memclr_w.o(.text) for __aeabi_memclr4
    usart.o(i.HAL_UART_MspInit) refers to stm32g4xx_hal_rcc_ex.o(i.HAL_RCCEx_PeriphCLKConfig) for HAL_RCCEx_PeriphCLKConfig
    usart.o(i.HAL_UART_MspInit) refers to main.o(i.Error_Handler) for Error_Handler
[...]
    Removing myusart1.o(i.MyUSART1_PeekChar), (32 bytes).
    Removing myusart1.o(i.MyUSART1_Read), (52 bytes).
    Removing myusart1.o(i.MyUSART1_ReadAll), (44 bytes).
    Removing myusart1.o(i.MyUSART1_ReadChar), (32 bytes).
    Removing myusart1.o(i.MyUSART1_ReadStr), (6 bytes).
    Removing myusart1.o(i.MyUSART1_ReadUntil), (60 bytes).
    Removing myusart1.o(i.MyUSART1_Write), (34 bytes).
    Removing myusart1.o(i.MyUSART1_WriteStr), (6 bytes).
    Removing myusart1.o(i.MyUSART1_WriteUntil), (40 bytes).
    Removing myusart1.o(i.__MyUSART1_DumpAll), (36 bytes).
    Removing myusart1.o(i.fputc), (28 bytes).
    Removing myusart1.o(.data), (4 bytes).
    Removing x9c.o(.rev16_text), (4 bytes).
    Removing x9c.o(.revsh_text), (4 bytes).
    Removing x9c.o(.rrx_text), (6 bytes).
    Removing x9c.o(i.Delay), (12 bytes).

380 unused section(s) (total 27430 bytes) removed from the image.

==============================================================================

Image Symbol Table

    Local Symbols

    Symbol Name                              Value     Ov Type        Size  Object(Section)

    ../Core/Src/gpio.c                       0x00000000   Number         0  gpio.o ABSOLUTE
    ../Core/Src/main.c                       0x00000000   Number         0  main.o ABSOLUTE
    ../Core/Src/stm32g4xx_hal_msp.c          0x00000000   Number         0  stm32g4xx_hal_msp.o ABSOLUTE
    ../Core/Src/stm32g4xx_it.c               0x00000000   Number         0  stm32g4xx_it.o ABSOLUTE
    ../Core/Src/system_stm32g4xx.c           0x00000000   Number         0  system_stm32g4xx.o ABSOLUTE
    ../Core/Src/usart.c                      0x00000000   Number         0  usart.o ABSOLUTE
    ../Drivers/STM32G4xx_HAL_Driver/Src/stm32g4xx_hal.c 0x00000000   Number         0  stm32g4xx_hal.o ABSOLUTE
    ../Drivers/STM32G4xx_HAL_Driver/Src/stm32g4xx_hal_cortex.c 0x00000000   Number         0  stm32g4xx_hal_cortex.o ABSOLUTE
    ../Drivers/STM32G4xx_HAL_Driver/Src/stm32g4xx_hal_dma.c 0x00000000   Number         0  stm32g4xx_hal_dma.o ABSOLUTE
    ../Drivers/STM32G4xx_HAL_Driver/Src/stm32g4xx_hal_dma_ex.c 0x00000000   Number         0  stm32g4xx_hal_dma_ex.o ABSOLUTE
    ../Drivers/STM32G4xx_HAL_Driver/Src/stm32g4xx_hal_exti.c 0x00000000   Number         0  stm32g4xx_hal_exti.o ABSOLUTE
    ../Drivers/STM32G4xx_HAL_Driver/Src/stm32g4xx_hal_flash.c 0x00000000   Number         0  stm32g4xx_hal_flash.o ABSOLUTE
    ../Drivers/STM32G4xx_HAL_Driver/Src/stm32g4xx_hal_flash_ex.c 0x00000000   Number         0  stm32g4xx_hal_flash_ex.o ABSOLUTE
    ../Drivers/STM32G4xx_HAL_Driver/Src/stm32g4xx_hal_flash_ramfunc.c 0x00000000   Number         0  stm32g4xx_hal_flash_ramfunc.o ABSOLUTE
    ../Drivers/STM32G4xx_HAL_Driver/Src/stm32g4xx_hal_gpio.c 0x00000000   Number         0  stm32g4xx_hal_gpio.o ABSOLUTE
    ../Drivers/STM32G4xx_HAL_Driver/Src/stm32g4xx_hal_pwr.c 0x00000000   Number         0  stm32g4xx_hal_pwr.o ABSOLUTE
    ../Drivers/STM32G4xx_HAL_Driver/Src/stm32g4xx_hal_pwr_ex.c 0x00000000   Number         0  stm32g4xx_hal_pwr_ex.o ABSOLUTE
    ../Drivers/STM32G4xx_HAL_Driver/Src/stm32g4xx_hal_rcc.c 0x00000000   Number         0  stm32g4xx_hal_rcc.o ABSOLUTE
    ../Drivers/STM32G4xx_HAL_Driver/Src/stm32g4xx_hal_rcc_ex.c 0x00000000   Number         0  stm32g4xx_hal_rcc_ex.o ABSOLUTE
    ../Drivers/STM32G4xx_HAL_Driver/Src/stm32g4xx_hal_tim.c 0x00000000   Number         0  stm32g4xx_hal_tim.o ABSOLUTE
    ../Drivers/STM32G4xx_HAL_Driver/Src/stm32g4xx_hal_tim_ex.c 0x00000000   Number         0  stm32g4xx_hal_tim_ex.o ABSOLUTE
    ../Drivers/STM32G4xx_HAL_Driver/Src/stm32g4xx_hal_uart.c 0x00000000   Number         0  stm32g4xx_hal_uart.o ABSOLUTE
    ../Drivers/STM32G4xx_HAL_Driver/Src/stm32g4xx_hal_uart_ex.c 0x00000000   Number         0  stm32g4xx_hal_uart_ex.o ABSOLUTE
    ../clib/angel/boardlib.s                 0x00000000   Number         0  boardinit1.o ABSOLUTE
    ../clib/angel/boardlib.s                 0x00000000   Number         0  boardshut.o ABSOLUTE
    ../clib/angel/boardlib.s                 0x00000000   Number         0  boardinit2.o ABSOLUTE
    ../clib/angel/boardlib.s                 0x00000000   Number         0  boardinit3.o ABSOLUTE
    ../clib/angel/dczerorl2.s                0x00000000   Number         0  __dczerorl2.o ABSOLUTE
    ../clib/angel/handlers.s                 0x00000000   Number         0  __scatter_zi.o ABSOLUTE
    ../clib/angel/kernel.s                   0x00000000   Number         0  rtexit.o ABSOLUTE
    ../clib/angel/kernel.s                   0x00000000   Number         0  __rtentry.o ABSOLUTE
    ../clib/angel/kernel.s                   0x00000000   Number         0  __rtentry4.o ABSOLUTE
    ../clib/angel/kernel.s                   0x00000000   Number         0  rtexit2.o ABSOLUTE
    ../clib/angel/kernel.s                   0x00000000   Number         0  __rtentry2.o ABSOLUTE
    ../clib/angel/rt.s                       0x00000000   Number         0  rt_raise.o ABSOLUTE
    ../clib/angel/rt.s                       0x00000000   Number         0  rt_locale_intlibspace.o ABSOLUTE
    ../clib/angel/rt.s                       0x00000000   Number         0  aeabi_ldiv0_sigfpe.o ABSOLUTE
    ../clib/angel/rt.s                       0x00000000   Number         0  aeabi_ldiv0.o ABSOLUTE
    ../clib/angel/rt.s                       0x00000000   Number         0  rt_div0.o ABSOLUTE
    ../clib/angel/rt.s                       0x00000000   Number         0  rt_locale.o ABSOLUTE
    ../clib/angel/scatter.s                  0x00000000   Number         0  __scatter.o ABSOLUTE
    ../clib/angel/startup.s                  0x00000000   Number         0  __main.o ABSOLUTE
    ../clib/angel/sys.s                      0x00000000   Number         0  libspace.o ABSOLUTE
    ../clib/angel/sys.s                      0x00000000   Number         0  use_no_semi.o ABSOLUTE
    ../clib/angel/sys.s                      0x00000000   Number         0  indicate_semi.o ABSOLUTE
    ../clib/angel/sys.s                      0x00000000   Number         0  sys_stackheap_outer.o ABSOLUTE
    ../clib/angel/sysapp.c                   0x00000000   Number         0  sys_exit.o ABSOLUTE
    ../clib/angel/sysapp.c                   0x00000000   Number         0  sys_wrch.o ABSOLUTE
    ../clib/angel/sysapp.c                   0x00000000   Number         0  sys_command.o ABSOLUTE
    ../clib/armsys.c                         0x00000000   Number         0  _get_argv_nomalloc.o ABSOLUTE
    ../clib/armsys.c                         0x00000000   Number         0  argv_veneer.o ABSOLUTE
    ../clib/armsys.c                         0x00000000   Number         0  argv_veneer.o ABSOLUTE
    ../clib/armsys.c                         0x00000000   Number         0  no_argv.o ABSOLUTE
    ../clib/bigflt.c                         0x00000000   Number         0  bigflt0.o ABSOLUTE
    ../clib/btod.s                           0x00000000   Number         0  btod.o ABSOLUTE
    ../clib/heapalloc.c                      0x00000000   Number         0  hrguard.o ABSOLUTE
    ../clib/heapaux.c                        0x00000000   Number         0  heapauxi.o ABSOLUTE
    ../clib/libinit.s                        0x00000000   Number         0  libinit2.o ABSOLUTE
    ../clib/libinit.s                        0x00000000   Number         0  libshutdown2.o ABSOLUTE
    ../clib/libinit.s                        0x00000000   Number         0  libshutdown.o ABSOLUTE
    ../clib/libinit.s                        0x00000000   Number         0  libinit.o ABSOLUTE
    ../clib/locale.s                         0x00000000   Number         0  lc_numeric_c.o ABSOLUTE
    ../clib/longlong.s                       0x00000000   Number         0  lludiv10.o ABSOLUTE
    ../clib/longlong.s                       0x00000000   Number         0  lludivv7m.o ABSOLUTE
    ../clib/memcpset.s                       0x00000000   Number         0  strcmpv7m.o ABSOLUTE
    ../clib/memcpset.s                       0x00000000   Number         0  rt_memclr_w.o ABSOLUTE
    ../clib/misc.s                           0x00000000   Number         0  printf_stubs.o ABSOLUTE
    ../clib/printf.c                         0x00000000   Number         0  _printf_fp_dec.o ABSOLUTE
    ../clib/printf.c                         0x00000000   Number         0  _sputc.o ABSOLUTE
    ../clib/printf.c                         0x00000000   Number         0  _printf_char_common.o ABSOLUTE
    ../clib/printf.c                         0x00000000   Number         0  __printf.o ABSOLUTE
    ../clib/printf.c                         0x00000000   Number         0  __printf_flags_ss.o ABSOLUTE
    ../clib/printf.c                         0x00000000   Number         0  __printf_ss.o ABSOLUTE
    ../clib/printf.c                         0x00000000   Number         0  __printf_nopercent.o ABSOLUTE
    ../clib/printf.c                         0x00000000   Number         0  _printf_fp_infnan.o ABSOLUTE
    ../clib/printf.c                         0x00000000   Number         0  __printf_wp.o ABSOLUTE
    ../clib/printf.c                         0x00000000   Number         0  __2sprintf.o ABSOLUTE
    ../clib/printf.c                         0x00000000   Number         0  __printf_flags.o ABSOLUTE
    ../clib/printf.c                         0x00000000   Number         0  noretval__2sprintf.o ABSOLUTE
    ../clib/printf.c                         0x00000000   Number         0  __printf_flags_wp.o ABSOLUTE
    ../clib/printf.c                         0x00000000   Number         0  __printf_ss_wp.o ABSOLUTE
    ../clib/printf.c                         0x00000000   Number         0  __printf_flags_ss_wp.o ABSOLUTE
    ../clib/printf_percent.s                 0x00000000   Number         0  _printf_percent.o ABSOLUTE
    ../clib/printf_percent.s                 0x00000000   Number         0  _printf_f.o ABSOLUTE
    ../clib/printf_percent.s                 0x00000000   Number         0  _printf_percent_end.o ABSOLUTE
    ../clib/signal.c                         0x00000000   Number         0  defsig_other.o ABSOLUTE
    ../clib/signal.c                         0x00000000   Number         0  defsig_segv_inner.o ABSOLUTE
    ../clib/signal.c                         0x00000000   Number         0  defsig_fpe_formal.o ABSOLUTE
    ../clib/signal.c                         0x00000000   Number         0  defsig_cppl_inner.o ABSOLUTE
    ../clib/signal.c                         0x00000000   Number         0  defsig_pvfn_inner.o ABSOLUTE
    ../clib/signal.c                         0x00000000   Number         0  defsig_stak_inner.o ABSOLUTE
    ../clib/signal.c                         0x00000000   Number         0  defsig_abrt_inner.o ABSOLUTE
    ../clib/signal.c                         0x00000000   Number         0  defsig_fpe_outer.o ABSOLUTE
    ../clib/signal.c                         0x00000000   Number         0  defsig_rtmem_inner.o ABSOLUTE
    ../clib/signal.c                         0x00000000   Number         0  defsig_fpe_inner.o ABSOLUTE
    ../clib/signal.c                         0x00000000   Number         0  defsig_exit.o ABSOLUTE
    ../clib/signal.c                         0x00000000   Number         0  defsig_rtmem_outer.o ABSOLUTE
    ../clib/signal.c                         0x00000000   Number         0  defsig_rtmem_formal.o ABSOLUTE
    ../clib/signal.c                         0x00000000   Number         0  __raise.o ABSOLUTE
    ../clib/signal.c                         0x00000000   Number         0  defsig_rtred_inner.o ABSOLUTE
    ../clib/signal.c                         0x00000000   Number         0  defsig_general.o ABSOLUTE
    ../clib/signal.s                         0x00000000   Number         0  defsig.o ABSOLUTE
    ../clib/stdlib.c                         0x00000000   Number         0  exit.o ABSOLUTE
    ../clib/string.c                         0x00000000   Number         0  strlen.o ABSOLUTE
    ../fplib/fpinit.s                        0x00000000   Number         0  fpinit.o ABSOLUTE
    ../fplib/istatus.s                       0x00000000   Number         0  istatus.o ABSOLUTE
    ../fplib/printf1.s                       0x00000000   Number         0  printf1.o ABSOLUTE
    ../fplib/usenofp.s                       0x00000000   Number         0  usenofp.o ABSOLUTE
    ../mathlib/fpclassify.c                  0x00000000   Number         0  fpclassify.o ABSOLUTE
    ..\Core\Src\gpio.c                       0x00000000   Number         0  gpio.o ABSOLUTE
    ..\Core\Src\main.c                       0x00000000   Number         0  main.o ABSOLUTE
    ..\Core\Src\stm32g4xx_hal_msp.c          0x00000000   Number         0  stm32g4xx_hal_msp.o ABSOLUTE
    ..\Core\Src\stm32g4xx_it.c               0x00000000   Number         0  stm32g4xx_it.o ABSOLUTE
    ..\Core\Src\system_stm32g4xx.c           0x00000000   Number         0  system_stm32g4xx.o ABSOLUTE
    ..\Core\Src\usart.c                      0x00000000   Number         0  usart.o ABSOLUTE
    ..\Drivers\STM32G4xx_HAL_Driver\Src\stm32g4xx_hal.c 0x00000000   Number         0  stm32g4xx_hal.o ABSOLUTE
    ..\Drivers\STM32G4xx_HAL_Driver\Src\stm32g4xx_hal_cortex.c 0x00000000   Number         0  stm32g4xx_hal_cortex.o ABSOLUTE
    ..\Drivers\STM32G4xx_HAL_Driver\Src\stm32g4xx_hal_dma.c 0x00000000   Number         0  stm32g4xx_hal_dma.o ABSOLUTE
    ..\Drivers\STM32G4xx_HAL_Driver\Src\stm32g4xx_hal_dma_ex.c 0x00000000   Number         0  stm32g4xx_hal_dma_ex.o ABSOLUTE
    ..\Drivers\STM32G4xx_HAL_Driver\Src\stm32g4xx_hal_exti.c 0x00000000   Number         0  stm32g4xx_hal_exti.o ABSOLUTE
    ..\Drivers\STM32G4xx_HAL_Driver\Src\stm32g4xx_hal_flash.c 0x00000000   Number         0  stm32g4xx_hal_flash.o ABSOLUTE
    ..\Drivers\STM32G4xx_HAL_Driver\Src\stm32g4xx_hal_flash_ex.c 0x00000000   Number         0  stm32g4xx_hal_flash_ex.o ABSOLUTE
    ..\Drivers\STM32G4xx_HAL_Driver\Src\stm32g4xx_hal_flash_ramfunc.c 0x00000000   Number         0  stm32g4xx_hal_flash_ramfunc.o ABSOLUTE
    ..\Drivers\STM32G4xx_HAL_Driver\Src\stm32g4xx_hal_gpio.c 0x00000000   Number         0  stm32g4xx_hal_gpio.o ABSOLUTE
    ..\Drivers\STM32G4xx_HAL_Driver\Src\stm32g4xx_hal_pwr.c 0x00000000   Number         0  stm32g4xx_hal_pwr.o ABSOLUTE
    ..\Drivers\STM32G4xx_HAL_Driver\Src\stm32g4xx_hal_pwr_ex.c 0x00000000   Number         0  stm32g4xx_hal_pwr_ex.o ABSOLUTE
    ..\Drivers\STM32G4xx_HAL_Driver\Src\stm32g4xx_hal_rcc.c 0x00000000   Number         0  stm32g4xx_hal_rcc.o ABSOLUTE
    ..\Drivers\STM32G4xx_HAL_Driver\Src\stm32g4xx_hal_rcc_ex.c 0x00000000   Number         0  stm32g4xx_hal_rcc_ex.o ABSOLUTE
    ..\Drivers\STM32G4xx_HAL_Driver\Src\stm32g4xx_hal_tim.c 0x00000000   Number         0  stm32g4xx_hal_tim.o ABSOLUTE
    ..\Drivers\STM32G4xx_HAL_Driver\Src\stm32g4xx_hal_tim_ex.c 0x00000000   Number         0  stm32g4xx_hal_tim_ex.o ABSOLUTE
    ..\Drivers\STM32G4xx_HAL_Driver\Src\stm32g4xx_hal_uart.c 0x00000000   Number         0  stm32g4xx_hal_uart.o ABSOLUTE
    ..\Drivers\STM32G4xx_HAL_Driver\Src\stm32g4xx_hal_uart_ex.c 0x00000000   Number         0  stm32g4xx_hal_uart_ex.o ABSOLUTE
    ..\HARDWARE\DELAY\delay.c                0x00000000   Number         0  delay.o ABSOLUTE
    ..\HARDWARE\OLED\OLED_I2C.c              0x00000000   Number         0  oled_i2c.o ABSOLUTE
    ..\HARDWARE\OLED\myiic.c                 0x00000000   Number         0  myiic.o ABSOLUTE
    ..\HARDWARE\USART\myusart1.c             0x00000000   Number         0  myusart1.o ABSOLUTE
    ..\HARDWARE\X9C\X9C.c                    0x00000000   Number         0  x9c.o ABSOLUTE
    ..\\HARDWARE\\DELAY\\delay.c             0x00000000   Number         0  delay.o ABSOLUTE
    ..\\HARDWARE\\OLED\\OLED_I2C.c           0x00000000   Number         0  oled_i2c.o ABSOLUTE
    ..\\HARDWARE\\OLED\\myiic.c              0x00000000   Number         0  myiic.o ABSOLUTE
    ..\\HARDWARE\\USART\\myusart1.c          0x00000000   Number         0  myusart1.o ABSOLUTE
    ..\\HARDWARE\\X9C\\X9C.c                 0x00000000   Number         0  x9c.o ABSOLUTE
    dc.s                                     0x00000000   Number         0  dc.o ABSOLUTE
    startup_stm32g474xx.s                    0x00000000   Number         0  startup_stm32g474xx.o ABSOLUTE
    RESET                                    0x08000000   Section      472  startup_stm32g474xx.o(RESET)
    !!!main                                  0x080001d8   Section        8  __main.o(!!!main)
    !!!scatter                               0x080001e0   Section       52  __scatter.o(!!!scatter)
    !!dczerorl2                              0x08000214   Section       90  __dczerorl2.o(!!dczerorl2)
    !!handler_zi                             0x08000270   Section       28  __scatter_zi.o(!!handler_zi)
    .ARM.Collect$$libinit$$00000000          0x0800028c   Section        2  libinit.o(.ARM.Collect$$libinit$$00000000)
    .ARM.Collect$$libinit$$00000001          0x0800028e   Section        4  libinit2.o(.ARM.Collect$$libinit$$00000001)
    .ARM.Collect$$libinit$$00000004          0x08000292   Section        0  libinit2.o(.ARM.Collect$$libinit$$00000004)
    .ARM.Collect$$libinit$$0000000A          0x08000292   Section        0  libinit2.o(.ARM.Collect$$libinit$$0000000A)
    .ARM.Collect$$libinit$$0000000C          0x08000292   Section        0  libinit2.o(.ARM.Collect$$libinit$$0000000C)
    .ARM.Collect$$libinit$$0000000E          0x08000292   Section        0  libinit2.o(.ARM.Collect$$libinit$$0000000E)
    .ARM.Collect$$libinit$$00000011          0x08000292   Section        0  libinit2.o(.ARM.Collect$$libinit$$00000011)
    .ARM.Collect$$libinit$$00000013          0x08000292   Section        0  libinit2.o(.ARM.Collect$$libinit$$00000013)
    .ARM.Collect$$libinit$$00000015          0x08000292   Section        0  libinit2.o(.ARM.Collect$$libinit$$00000015)
    .ARM.Collect$$libinit$$00000017          0x08000292   Section        0  libinit2.o(.ARM.Collect$$libinit$$00000017)
    .ARM.Collect$$libinit$$00000019          0x08000292   Section        0  libinit2.o(.ARM.Collect$$libinit$$00000019)
    .ARM.Collect$$libinit$$0000001B          0x08000292   Section        0  libinit2.o(.ARM.Collect$$libinit$$0000001B)
    .ARM.Collect$$libinit$$0000001D          0x08000292   Section        0  libinit2.o(.ARM.Collect$$libinit$$0000001D)
    .ARM.Collect$$libinit$$0000001F          0x08000292   Section        0  libinit2.o(.ARM.Collect$$libinit$$0000001F)
    .ARM.Collect$$libinit$$00000021          0x08000292   Section        0  libinit2.o(.ARM.Collect$$libinit$$00000021)
    .ARM.Collect$$libinit$$00000023          0x08000292   Section        0  libinit2.o(.ARM.Collect$$libinit$$00000023)
    .ARM.Collect$$libinit$$00000025          0x08000292   Section        0  libinit2.o(.ARM.Collect$$libinit$$00000025)
    .ARM.Collect$$libinit$$0000002C          0x08000292   Section        0  libinit2.o(.ARM.Collect$$libinit$$0000002C)
    .ARM.Collect$$libinit$$0000002E          0x08000292   Section        0  libinit2.o(.ARM.Collect$$libinit$$0000002E)
    .ARM.Collect$$libinit$$00000030          0x08000292   Section        0  libinit2.o(.ARM.Collect$$libinit$$00000030)
    .ARM.Collect$$libinit$$00000032          0x08000292   Section        0  libinit2.o(.ARM.Collect$$libinit$$00000032)
    .ARM.Collect$$libinit$$00000033          0x08000292   Section        2  libinit2.o(.ARM.Collect$$libinit$$00000033)
    .ARM.Collect$$libshutdown$$00000000      0x08000294   Section        2  libshutdown.o(.ARM.Collect$$libshutdown$$00000000)
    .ARM.Collect$$libshutdown$$00000003      0x08000296   Section        0  libshutdown2.o(.ARM.Collect$$libshutdown$$00000003)
    .ARM.Collect$$libshutdown$$00000006      0x08000296   Section        0  libshutdown2.o(.ARM.Collect$$libshutdown$$00000006)
    .ARM.Collect$$libshutdown$$00000009      0x08000296   Section        0  libshutdown2.o(.ARM.Collect$$libshutdown$$00000009)
    .ARM.Collect$$libshutdown$$0000000B      0x08000296   Section        0  libshutdown2.o(.ARM.Collect$$libshutdown$$0000000B)
    .ARM.Collect$$libshutdown$$0000000E      0x08000296   Section        0  libshutdown2.o(.ARM.Collect$$libshutdown$$0000000E)
    .ARM.Collect$$libshutdown$$0000000F      0x08000296   Section        2  libshutdown2.o(.ARM.Collect$$libshutdown$$0000000F)
    .ARM.Collect$$rtentry$$00000000          0x08000298   Section        0  __rtentry.o(.ARM.Collect$$rtentry$$00000000)
    .ARM.Collect$$rtentry$$00000002          0x08000298   Section        0  __rtentry2.o(.ARM.Collect$$rtentry$$00000002)
    .ARM.Collect$$rtentry$$00000004          0x08000298   Section        6  __rtentry4.o(.ARM.Collect$$rtentry$$00000004)
    .ARM.Collect$$rtentry$$00000009          0x0800029e   Section        0  __rtentry2.o(.ARM.Collect$$rtentry$$00000009)
    .ARM.Collect$$rtentry$$0000000A          0x0800029e   Section        4  __rtentry2.o(.ARM.Collect$$rtentry$$0000000A)
    .ARM.Collect$$rtentry$$0000000C          0x080002a2   Section        0  __rtentry2.o(.ARM.Collect$$rtentry$$0000000C)
    .ARM.Collect$$rtentry$$0000000D          0x080002a2   Section        8  __rtentry2.o(.ARM.Collect$$rtentry$$0000000D)
    .ARM.Collect$$rtexit$$00000000           0x080002aa   Section        2  rtexit.o(.ARM.Collect$$rtexit$$00000000)
    .ARM.Collect$$rtexit$$00000002           0x080002ac   Section        0  rtexit2.o(.ARM.Collect$$rtexit$$00000002)
    .ARM.Collect$$rtexit$$00000003           0x080002ac   Section        4  rtexit2.o(.ARM.Collect$$rtexit$$00000003)
    .ARM.Collect$$rtexit$$00000004           0x080002b0   Section        6  rtexit2.o(.ARM.Collect$$rtexit$$00000004)
    .text                                    0x080002b8   Section       64  startup_stm32g474xx.o(.text)
    $v0                                      0x080002b8   Number         0  startup_stm32g474xx.o(.text)
    .text                                    0x080002f8   Section      238  lludivv7m.o(.text)
    .text                                    0x080003e6   Section       78  rt_memclr_w.o(.text)
    .text                                    0x08000434   Section        0  heapauxi.o(.text)
    .text                                    0x0800043c   Section        8  libspace.o(.text)
    .text                                    0x08000444   Section       74  sys_stackheap_outer.o(.text)
    .text                                    0x0800048e   Section        0  exit.o(.text)
    .text                                    0x0800049c   Section        0  sys_exit.o(.text)
    .text                                    0x080004a8   Section        2  use_no_semi.o(.text)
    .text                                    0x080004aa   Section        0  indicate_semi.o(.text)
    i.BusFault_Handler                       0x080004aa   Section        0  stm32g4xx_it.o(i.BusFault_Handler)
    i.DebugMon_Handler                       0x080004ac   Section        0  stm32g4xx_it.o(i.DebugMon_Handler)
    i.EXTI15_10_IRQHandler                   0x080004ae   Section        0  stm32g4xx_it.o(i.EXTI15_10_IRQHandler)
    i.Error_Handler                          0x080004b6   Section        0  main.o(i.Error_Handler)
    i.HAL_DMA_Abort                          0x080004ba   Section        0  stm32g4xx_hal_dma.o(i.HAL_DMA_Abort)
    i.HAL_DMA_Abort_IT                       0x08000524   Section        0  stm32g4xx_hal_dma.o(i.HAL_DMA_Abort_IT)
    i.HAL_GPIO_EXTI_Callback                 0x0800059c   Section        0  main.o(i.HAL_GPIO_EXTI_Callback)
    i.HAL_GPIO_EXTI_IRQHandler               0x080005c4   Section        0  stm32g4xx_hal_gpio.o(i.HAL_GPIO_EXTI_IRQHandler)
    i.HAL_GPIO_Init                          0x080005dc   Section        0  stm32g4xx_hal_gpio.o(i.HAL_GPIO_Init)
    i.HAL_GPIO_ReadPin                       0x08000824   Section        0  stm32g4xx_hal_gpio.o(i.HAL_GPIO_ReadPin)
    i.HAL_GPIO_WritePin                      0x0800082e   Section        0  stm32g4xx_hal_gpio.o(i.HAL_GPIO_WritePin)
    i.HAL_GetTick                            0x08000838   Section        0  stm32g4xx_hal.o(i.HAL_GetTick)
    i.HAL_IncTick                            0x08000844   Section        0  stm32g4xx_hal.o(i.HAL_IncTick)
    i.HAL_Init                               0x08000854   Section        0  stm32g4xx_hal.o(i.HAL_Init)
    i.HAL_InitTick                           0x08000874   Section        0  stm32g4xx_hal.o(i.HAL_InitTick)
    i.HAL_MspInit                            0x080008b8   Section        0  stm32g4xx_hal_msp.o(i.HAL_MspInit)
    i.HAL_NVIC_EnableIRQ                     0x080008e8   Section        0  stm32g4xx_hal_cortex.o(i.HAL_NVIC_EnableIRQ)
    i.HAL_NVIC_SetPriority                   0x08000904   Section        0  stm32g4xx_hal_cortex.o(i.HAL_NVIC_SetPriority)
    i.HAL_NVIC_SetPriorityGrouping           0x08000944   Section        0  stm32g4xx_hal_cortex.o(i.HAL_NVIC_SetPriorityGrouping)
    i.HAL_PWREx_ControlVoltageScaling        0x08000968   Section        0  stm32g4xx_hal_pwr_ex.o(i.HAL_PWREx_ControlVoltageScaling)
    i.HAL_PWREx_DisableUCPDDeadBattery       0x08000a24   Section        0  stm32g4xx_hal_pwr_ex.o(i.HAL_PWREx_DisableUCPDDeadBattery)
    i.HAL_RCCEx_PeriphCLKConfig              0x08000a34   Section        0  stm32g4xx_hal_rcc_ex.o(i.HAL_RCCEx_PeriphCLKConfig)
    i.HAL_RCC_ClockConfig                    0x08000d34   Section        0  stm32g4xx_hal_rcc.o(i.HAL_RCC_ClockConfig)
    i.HAL_RCC_GetPCLK1Freq                   0x08000f10   Section        0  stm32g4xx_hal_rcc.o(i.HAL_RCC_GetPCLK1Freq)
    i.HAL_RCC_GetPCLK2Freq                   0x08000f34   Section        0  stm32g4xx_hal_rcc.o(i.HAL_RCC_GetPCLK2Freq)
    i.HAL_RCC_GetSysClockFreq                0x08000f58   Section        0  stm32g4xx_hal_rcc.o(i.HAL_RCC_GetSysClockFreq)
    i.HAL_RCC_OscConfig                      0x08000fc8   Section        0  stm32g4xx_hal_rcc.o(i.HAL_RCC_OscConfig)
    i.HAL_SYSTICK_CLKSourceConfig            0x080013d4   Section        0  stm32g4xx_hal_cortex.o(i.HAL_SYSTICK_CLKSourceConfig)
    i.HAL_SYSTICK_Config                     0x080013ec   Section        0  stm32g4xx_hal_cortex.o(i.HAL_SYSTICK_Config)
    i.HAL_UARTEx_DisableFifoMode             0x08001414   Section        0  stm32g4xx_hal_uart_ex.o(i.HAL_UARTEx_DisableFifoMode)
    i.HAL_UARTEx_RxEventCallback             0x08001452   Section        0  stm32g4xx_hal_uart.o(i.HAL_UARTEx_RxEventCallback)
    i.HAL_UARTEx_RxFifoFullCallback          0x08001454   Section        0  stm32g4xx_hal_uart_ex.o(i.HAL_UARTEx_RxFifoFullCallback)
    i.HAL_UARTEx_SetRxFifoThreshold          0x08001456   Section        0  stm32g4xx_hal_uart_ex.o(i.HAL_UARTEx_SetRxFifoThreshold)
    i.HAL_UARTEx_SetTxFifoThreshold          0x080014a2   Section        0  stm32g4xx_hal_uart_ex.o(i.HAL_UARTEx_SetTxFifoThreshold)
    i.HAL_UARTEx_TxFifoEmptyCallback         0x080014ee   Section        0  stm32g4xx_hal_uart_ex.o(i.HAL_UARTEx_TxFifoEmptyCallback)
    i.HAL_UARTEx_WakeupCallback              0x080014f0   Section        0  stm32g4xx_hal_uart_ex.o(i.HAL_UARTEx_WakeupCallback)
    i.HAL_UART_ErrorCallback                 0x080014f2   Section        0  stm32g4xx_hal_uart.o(i.HAL_UART_ErrorCallback)
    i.HAL_UART_IRQHandler                    0x080014f4   Section        0  stm32g4xx_hal_uart.o(i.HAL_UART_IRQHandler)
    i.HAL_UART_Init                          0x080017d4   Section        0  stm32g4xx_hal_uart.o(i.HAL_UART_Init)
    i.HAL_UART_MspInit                       0x08001840   Section        0  usart.o(i.HAL_UART_MspInit)
    i.HAL_UART_TxCpltCallback                0x080018cc   Section        0  stm32g4xx_hal_uart.o(i.HAL_UART_TxCpltCallback)
    i.HardFault_Handler                      0x080018ce   Section        0  stm32g4xx_it.o(i.HardFault_Handler)
    i.I2C_WriteByte                          0x080018d0   Section        0  oled_i2c.o(i.I2C_WriteByte)
    i.IIC_Init                               0x08001900   Section        0  myiic.o(i.IIC_Init)
    i.IIC_Send_Byte                          0x08001920   Section        0  myiic.o(i.IIC_Send_Byte)
    i.IIC_Start                              0x08001998   Section        0  myiic.o(i.IIC_Start)
    i.IIC_Stop                               0x080019ec   Section        0  myiic.o(i.IIC_Stop)
    i.IIC_Wait_Ack                           0x08001a44   Section        0  myiic.o(i.IIC_Wait_Ack)
    i.MX_GPIO_Init                           0x08001ab0   Section        0  gpio.o(i.MX_GPIO_Init)
    i.MX_USART1_UART_Init                    0x08001b80   Section        0  usart.o(i.MX_USART1_UART_Init)
    i.MemManage_Handler                      0x08001be8   Section        0  stm32g4xx_it.o(i.MemManage_Handler)
    i.MyUSART1_CanReadLine                   0x08001bec   Section        0  myusart1.o(i.MyUSART1_CanReadLine)
    i.MyUSART1_IRQHandler                    0x08001c1c   Section        0  myusart1.o(i.MyUSART1_IRQHandler)
    i.MyUSART1_Init                          0x08001c50   Section        0  myusart1.o(i.MyUSART1_Init)
    i.MyUSART1_ReadLine                      0x08001c64   Section        0  myusart1.o(i.MyUSART1_ReadLine)
    i.MyUSART1_WriteChar                     0x08001cac   Section        0  myusart1.o(i.MyUSART1_WriteChar)
    i.MyUSART1_WriteLine                     0x08001cc8   Section        0  myusart1.o(i.MyUSART1_WriteLine)
    i.NMI_Handler                            0x08001cf6   Section        0  stm32g4xx_it.o(i.NMI_Handler)
    i.OLED_CLS                               0x08001cf8   Section        0  oled_i2c.o(i.OLED_CLS)
    i.OLED_Fill                              0x08001d00   Section        0  oled_i2c.o(i.OLED_Fill)
    i.OLED_Init                              0x08001d38   Section        0  oled_i2c.o(i.OLED_Init)
    i.OLED_SetPos                            0x08001e00   Section        0  oled_i2c.o(i.OLED_SetPos)
    i.OLED_ShowChar                          0x08001e28   Section        0  oled_i2c.o(i.OLED_ShowChar)
    i.OLED_ShowInt                           0x08001ea4   Section        0  oled_i2c.o(i.OLED_ShowInt)
    i.OLED_ShowStr                           0x08001f2c   Section        0  oled_i2c.o(i.OLED_ShowStr)
    i.PendSV_Handler                         0x08002004   Section        0  stm32g4xx_it.o(i.PendSV_Handler)
    i.SVC_Handler                            0x08002006   Section        0  stm32g4xx_it.o(i.SVC_Handler)
    i.SysTick_Handler                        0x08002008   Section        0  stm32g4xx_it.o(i.SysTick_Handler)
    i.SystemClock_Config                     0x0800200c   Section        0  main.o(i.SystemClock_Config)
    i.SystemInit                             0x08002074   Section        0  system_stm32g4xx.o(i.SystemInit)
    i.UARTEx_SetNbDataToProcess              0x08002084   Section        0  stm32g4xx_hal_uart_ex.o(i.UARTEx_SetNbDataToProcess)
    UARTEx_SetNbDataToProcess                0x08002085   Thumb Code    62  stm32g4xx_hal_uart_ex.o(i.UARTEx_SetNbDataToProcess)
    i.UART_AdvFeatureConfig                  0x080020c8   Section        0  stm32g4xx_hal_uart.o(i.UART_AdvFeatureConfig)
    i.UART_CheckIdleState                    0x08002190   Section        0  stm32g4xx_hal_uart.o(i.UART_CheckIdleState)
    i.UART_DMAAbortOnError                   0x080021f0   Section        0  stm32g4xx_hal_uart.o(i.UART_DMAAbortOnError)
    UART_DMAAbortOnError                     0x080021f1   Thumb Code    20  stm32g4xx_hal_uart.o(i.UART_DMAAbortOnError)
    i.UART_EndRxTransfer                     0x08002204   Section        0  stm32g4xx_hal_uart.o(i.UART_EndRxTransfer)
    UART_EndRxTransfer                       0x08002205   Thumb Code    78  stm32g4xx_hal_uart.o(i.UART_EndRxTransfer)
    i.UART_SetConfig                         0x08002258   Section        0  stm32g4xx_hal_uart.o(i.UART_SetConfig)
    i.UART_WaitOnFlagUntilTimeout            0x080024f0   Section        0  stm32g4xx_hal_uart.o(i.UART_WaitOnFlagUntilTimeout)
    i.USART1_IRQHandler                      0x080025b8   Section        0  stm32g4xx_it.o(i.USART1_IRQHandler)
    i.UsageFault_Handler                     0x080025d4   Section        0  stm32g4xx_it.o(i.UsageFault_Handler)
    i.WriteCmd                               0x080025d6   Section        0  oled_i2c.o(i.WriteCmd)
    i.WriteDat                               0x080025de   Section        0  oled_i2c.o(i.WriteDat)
    i.X9C_Config                             0x080025e8   Section        0  x9c.o(i.X9C_Config)
    i.X9C_Dec_N_Step                         0x0800262c   Section        0  x9c.o(i.X9C_Dec_N_Step)
    i.X9C_Inc_N_Step                         0x08002694   Section        0  x9c.o(i.X9C_Inc_N_Step)
    i.X9C_Init                               0x080026f0   Section        0  x9c.o(i.X9C_Init)
    i.__MyUSART1_Shift                       0x08002708   Section        0  myusart1.o(i.__MyUSART1_Shift)
    i.__NVIC_SetPriority                     0x08002734   Section        0  stm32g4xx_hal_cortex.o(i.__NVIC_SetPriority)
    __NVIC_SetPriority                       0x08002735   Thumb Code    32  stm32g4xx_hal_cortex.o(i.__NVIC_SetPriority)
    i.delay_init                             0x08002754   Section        0  delay.o(i.delay_init)
    i.delay_ms                               0x08002768   Section        0  delay.o(i.delay_ms)
    i.delay_us                               0x08002774   Section        0  delay.o(i.delay_us)
    i.main                                   0x080027a8   Section        0  main.o(i.main)
    x$fpl$fpinit                             0x08002844   Section       10  fpinit.o(x$fpl$fpinit)
    $v0                                      0x08002844   Number         0  fpinit.o(x$fpl$fpinit)
    .constdata                               0x0800284e   Section       24  stm32g4xx_hal_uart.o(.constdata)
    .constdata                               0x08002866   Section       16  stm32g4xx_hal_uart_ex.o(.constdata)
    numerator                                0x08002866   Data           8  stm32g4xx_hal_uart_ex.o(.constdata)
    denominator                              0x0800286e   Data           8  stm32g4xx_hal_uart_ex.o(.constdata)
    .constdata                               0x08002876   Section       16  system_stm32g4xx.o(.constdata)
    .constdata                               0x08002886   Section        8  system_stm32g4xx.o(.constdata)
    .constdata                               0x0800288e   Section     2086  oled_i2c.o(.constdata)
    hSpeedReg                                0x0800288e   Data           8  oled_i2c.o(.constdata)
    .data                                    0x20000000   Section        2  main.o(.data)
    num                                      0x20000000   Data           2  main.o(.data)
    .data                                    0x20000004   Section       12  stm32g4xx_hal.o(.data)
    .data                                    0x20000010   Section        4  system_stm32g4xx.o(.data)
    .data                                    0x20000014   Section        2  delay.o(.data)
    sysClkFreq                               0x20000014   Data           2  delay.o(.data)
    .data                                    0x20000016   Section      547  oled_i2c.o(.data)
    .data                                    0x2000023c   Section       12  myusart1.o(.data)
    .bss                                     0x20000248   Section      144  usart.o(.bss)
    .bss                                     0x200002d8   Section      100  myusart1.o(.bss)
    .bss                                     0x2000033c   Section       96  libspace.o(.bss)
    HEAP                                     0x200003a0   Section      512  startup_stm32g474xx.o(HEAP)
    Heap_Mem                                 0x200003a0   Data         512  startup_stm32g474xx.o(HEAP)
    STACK                                    0x200005a0   Section     1024  startup_stm32g474xx.o(STACK)
    Stack_Mem                                0x200005a0   Data        1024  startup_stm32g474xx.o(STACK)
    __initial_sp                             0x200009a0   Data           0  startup_stm32g474xx.o(STACK)

    Global Symbols

    Symbol Name                              Value     Ov Type        Size  Object(Section)

    BuildAttributes$$THM_ISAv4$E$P$D$K$B$S$7EM$VFPi3$EXTD16$VFPS$VFMA$PE$A:L22UL41UL21$X:L11$S22US41US21$IEEE1$IW$USESV6$~STKCKD$USESV7$~SHL$OTIME$ROPI$IEEEJ$EBA8$UX$STANDARDLIB$REQ8$PRES8$EABIv2 0x00000000   Number         0  anon$$obj.o ABSOLUTE
    __ARM_use_no_argv                        0x00000000   Number         0  main.o ABSOLUTE
    _printf_flags                            0x00000000   Number         0  printf_stubs.o ABSOLUTE
    _printf_return_value                     0x00000000   Number         0  printf_stubs.o ABSOLUTE
    _printf_sizespec                         0x00000000   Number         0  printf_stubs.o ABSOLUTE
    _printf_widthprec                        0x00000000   Number         0  printf_stubs.o ABSOLUTE
    __ARM_exceptions_init                     - Undefined Weak Reference
    __alloca_initialize                       - Undefined Weak Reference
    __arm_preinit_                            - Undefined Weak Reference
    __cpp_initialize__aeabi_                  - Undefined Weak Reference
    __cxa_finalize                            - Undefined Weak Reference
    __sigvec_lookup                           - Undefined Weak Reference
    _atexit_init                              - Undefined Weak Reference
    _call_atexit_fns                          - Undefined Weak Reference
    _clock_init                               - Undefined Weak Reference
    _fp_trap_init                             - Undefined Weak Reference
    _fp_trap_shutdown                         - Undefined Weak Reference
    _get_lc_collate                           - Undefined Weak Reference
    _get_lc_ctype                             - Undefined Weak Reference
    _get_lc_monetary                          - Undefined Weak Reference
    _get_lc_time                              - Undefined Weak Reference
    _getenv_init                              - Undefined Weak Reference
    _handle_redirection                       - Undefined Weak Reference
    _init_alloc                               - Undefined Weak Reference
    _init_user_alloc                          - Undefined Weak Reference
    _initio                                   - Undefined Weak Reference
    _printf_post_padding                      - Undefined Weak Reference
    _printf_pre_padding                       - Undefined Weak Reference
    _rand_init                                - Undefined Weak Reference
    _signal_finish                            - Undefined Weak Reference
    _signal_init                              - Undefined Weak Reference
    _terminate_alloc                          - Undefined Weak Reference
    _terminate_user_alloc                     - Undefined Weak Reference
    _terminateio                              - Undefined Weak Reference
    __Vectors_Size                           0x000001d8   Number         0  startup_stm32g474xx.o ABSOLUTE
    __Vectors                                0x08000000   Data           4  startup_stm32g474xx.o(RESET)
    __Vectors_End                            0x080001d8   Data           0  startup_stm32g474xx.o(RESET)
    __main                                   0x080001d9   Thumb Code     8  __main.o(!!!main)
    __scatterload                            0x080001e1   Thumb Code     0  __scatter.o(!!!scatter)
    __scatterload_rt2                        0x080001e1   Thumb Code    44  __scatter.o(!!!scatter)
    __scatterload_rt2_thumb_only             0x080001e1   Thumb Code     0  __scatter.o(!!!scatter)
    __scatterload_null                       0x080001ef   Thumb Code     0  __scatter.o(!!!scatter)
    __decompress                             0x08000215   Thumb Code    90  __dczerorl2.o(!!dczerorl2)
    __decompress1                            0x08000215   Thumb Code     0  __dczerorl2.o(!!dczerorl2)
    __scatterload_zeroinit                   0x08000271   Thumb Code    28  __scatter_zi.o(!!handler_zi)
    __rt_lib_init                            0x0800028d   Thumb Code     0  libinit.o(.ARM.Collect$$libinit$$00000000)
    __rt_lib_init_fp_1                       0x0800028f   Thumb Code     0  libinit2.o(.ARM.Collect$$libinit$$00000001)
    __rt_lib_init_alloca_1                   0x08000293   Thumb Code     0  libinit2.o(.ARM.Collect$$libinit$$0000002E)
    __rt_lib_init_argv_1                     0x08000293   Thumb Code     0  libinit2.o(.ARM.Collect$$libinit$$0000002C)
    __rt_lib_init_atexit_1                   0x08000293   Thumb Code     0  libinit2.o(.ARM.Collect$$libinit$$0000001B)
    __rt_lib_init_clock_1                    0x08000293   Thumb Code     0  libinit2.o(.ARM.Collect$$libinit$$00000021)
    __rt_lib_init_cpp_1                      0x08000293   Thumb Code     0  libinit2.o(.ARM.Collect$$libinit$$00000032)
    __rt_lib_init_exceptions_1               0x08000293   Thumb Code     0  libinit2.o(.ARM.Collect$$libinit$$00000030)
    __rt_lib_init_fp_trap_1                  0x08000293   Thumb Code     0  libinit2.o(.ARM.Collect$$libinit$$0000001F)
    __rt_lib_init_getenv_1                   0x08000293   Thumb Code     0  libinit2.o(.ARM.Collect$$libinit$$00000023)
    __rt_lib_init_heap_1                     0x08000293   Thumb Code     0  libinit2.o(.ARM.Collect$$libinit$$0000000A)
    __rt_lib_init_lc_collate_1               0x08000293   Thumb Code     0  libinit2.o(.ARM.Collect$$libinit$$00000011)
    __rt_lib_init_lc_ctype_1                 0x08000293   Thumb Code     0  libinit2.o(.ARM.Collect$$libinit$$00000013)
    __rt_lib_init_lc_monetary_1              0x08000293   Thumb Code     0  libinit2.o(.ARM.Collect$$libinit$$00000015)
    __rt_lib_init_lc_numeric_1               0x08000293   Thumb Code     0  libinit2.o(.ARM.Collect$$libinit$$00000017)
    __rt_lib_init_lc_time_1                  0x08000293   Thumb Code     0  libinit2.o(.ARM.Collect$$libinit$$00000019)
    __rt_lib_init_preinit_1                  0x08000293   Thumb Code     0  libinit2.o(.ARM.Collect$$libinit$$00000004)
    __rt_lib_init_rand_1                     0x08000293   Thumb Code     0  libinit2.o(.ARM.Collect$$libinit$$0000000E)
    __rt_lib_init_return                     0x08000293   Thumb Code     0  libinit2.o(.ARM.Collect$$libinit$$00000033)
    __rt_lib_init_signal_1                   0x08000293   Thumb Code     0  libinit2.o(.ARM.Collect$$libinit$$0000001D)
    __rt_lib_init_stdio_1                    0x08000293   Thumb Code     0  libinit2.o(.ARM.Collect$$libinit$$00000025)
    __rt_lib_init_user_alloc_1               0x08000293   Thumb Code     0  libinit2.o(.ARM.Collect$$libinit$$0000000C)
    __rt_lib_shutdown                        0x08000295   Thumb Code     0  libshutdown.o(.ARM.Collect$$libshutdown$$00000000)
    __rt_lib_shutdown_fp_trap_1              0x08000297   Thumb Code     0  libshutdown2.o(.ARM.Collect$$libshutdown$$00000006)
    __rt_lib_shutdown_heap_1                 0x08000297   Thumb Code     0  libshutdown2.o(.ARM.Collect$$libshutdown$$0000000E)
    __rt_lib_shutdown_return                 0x08000297   Thumb Code     0  libshutdown2.o(.ARM.Collect$$libshutdown$$0000000F)
    __rt_lib_shutdown_signal_1               0x08000297   Thumb Code     0  libshutdown2.o(.ARM.Collect$$libshutdown$$00000009)
    __rt_lib_shutdown_stdio_1                0x08000297   Thumb Code     0  libshutdown2.o(.ARM.Collect$$libshutdown$$00000003)
    __rt_lib_shutdown_user_alloc_1           0x08000297   Thumb Code     0  libshutdown2.o(.ARM.Collect$$libshutdown$$0000000B)
    __rt_entry                               0x08000299   Thumb Code     0  __rtentry.o(.ARM.Collect$$rtentry$$00000000)
    __rt_entry_presh_1                       0x08000299   Thumb Code     0  __rtentry2.o(.ARM.Collect$$rtentry$$00000002)
    __rt_entry_sh                            0x08000299   Thumb Code     0  __rtentry4.o(.ARM.Collect$$rtentry$$00000004)
    __rt_entry_li                            0x0800029f   Thumb Code     0  __rtentry2.o(.ARM.Collect$$rtentry$$0000000A)
    __rt_entry_postsh_1                      0x0800029f   Thumb Code     0  __rtentry2.o(.ARM.Collect$$rtentry$$00000009)
    __rt_entry_main                          0x080002a3   Thumb Code     0  __rtentry2.o(.ARM.Collect$$rtentry$$0000000D)
    __rt_entry_postli_1                      0x080002a3   Thumb Code     0  __rtentry2.o(.ARM.Collect$$rtentry$$0000000C)
    __rt_exit                                0x080002ab   Thumb Code     0  rtexit.o(.ARM.Collect$$rtexit$$00000000)
    __rt_exit_ls                             0x080002ad   Thumb Code     0  rtexit2.o(.ARM.Collect$$rtexit$$00000003)
    __rt_exit_prels_1                        0x080002ad   Thumb Code     0  rtexit2.o(.ARM.Collect$$rtexit$$00000002)
    __rt_exit_exit                           0x080002b1   Thumb Code     0  rtexit2.o(.ARM.Collect$$rtexit$$00000004)
    Reset_Handler                            0x080002b9   Thumb Code     8  startup_stm32g474xx.o(.text)
    ADC1_2_IRQHandler                        0x080002d3   Thumb Code     0  startup_stm32g474xx.o(.text)
    ADC3_IRQHandler                          0x080002d3   Thumb Code     0  startup_stm32g474xx.o(.text)
    ADC4_IRQHandler                          0x080002d3   Thumb Code     0  startup_stm32g474xx.o(.text)
    ADC5_IRQHandler                          0x080002d3   Thumb Code     0  startup_stm32g474xx.o(.text)
    COMP1_2_3_IRQHandler                     0x080002d3   Thumb Code     0  startup_stm32g474xx.o(.text)
    COMP4_5_6_IRQHandler                     0x080002d3   Thumb Code     0  startup_stm32g474xx.o(.text)
    COMP7_IRQHandler                         0x080002d3   Thumb Code     0  startup_stm32g474xx.o(.text)
    CORDIC_IRQHandler                        0x080002d3   Thumb Code     0  startup_stm32g474xx.o(.text)
    CRS_IRQHandler                           0x080002d3   Thumb Code     0  startup_stm32g474xx.o(.text)
    DMA1_Channel1_IRQHandler                 0x080002d3   Thumb Code     0  startup_stm32g474xx.o(.text)
    DMA1_Channel2_IRQHandler                 0x080002d3   Thumb Code     0  startup_stm32g474xx.o(.text)
    DMA1_Channel3_IRQHandler                 0x080002d3   Thumb Code     0  startup_stm32g474xx.o(.text)
    DMA1_Channel4_IRQHandler                 0x080002d3   Thumb Code     0  startup_stm32g474xx.o(.text)
    DMA1_Channel5_IRQHandler                 0x080002d3   Thumb Code     0  startup_stm32g474xx.o(.text)
    DMA1_Channel6_IRQHandler                 0x080002d3   Thumb Code     0  startup_stm32g474xx.o(.text)
    DMA1_Channel7_IRQHandler                 0x080002d3   Thumb Code     0  startup_stm32g474xx.o(.text)
    DMA1_Channel8_IRQHandler                 0x080002d3   Thumb Code     0  startup_stm32g474xx.o(.text)
    DMA2_Channel1_IRQHandler                 0x080002d3   Thumb Code     0  startup_stm32g474xx.o(.text)
    DMA2_Channel2_IRQHandler                 0x080002d3   Thumb Code     0  startup_stm32g474xx.o(.text)
    DMA2_Channel3_IRQHandler                 0x080002d3   Thumb Code     0  startup_stm32g474xx.o(.text)
    DMA2_Channel4_IRQHandler                 0x080002d3   Thumb Code     0  startup_stm32g474xx.o(.text)
    DMA2_Channel5_IRQHandler                 0x080002d3   Thumb Code     0  startup_stm32g474xx.o(.text)
    DMA2_Channel6_IRQHandler                 0x080002d3   Thumb Code     0  startup_stm32g474xx.o(.text)
    DMA2_Channel7_IRQHandler                 0x080002d3   Thumb Code     0  startup_stm32g474xx.o(.text)
    DMA2_Channel8_IRQHandler                 0x080002d3   Thumb Code     0  startup_stm32g474xx.o(.text)
    DMAMUX_OVR_IRQHandler                    0x080002d3   Thumb Code     0  startup_stm32g474xx.o(.text)
    EXTI0_IRQHandler                         0x080002d3   Thumb Code     0  startup_stm32g474xx.o(.text)
    EXTI1_IRQHandler                         0x080002d3   Thumb Code     0  startup_stm32g474xx.o(.text)
    EXTI2_IRQHandler                         0x080002d3   Thumb Code     0  startup_stm32g474xx.o(.text)
    EXTI3_IRQHandler                         0x080002d3   Thumb Code     0  startup_stm32g474xx.o(.text)
    EXTI4_IRQHandler                         0x080002d3   Thumb Code     0  startup_stm32g474xx.o(.text)
    EXTI9_5_IRQHandler                       0x080002d3   Thumb Code     0  startup_stm32g474xx.o(.text)
    FDCAN1_IT0_IRQHandler                    0x080002d3   Thumb Code     0  startup_stm32g474xx.o(.text)
    FDCAN1_IT1_IRQHandler                    0x080002d3   Thumb Code     0  startup_stm32g474xx.o(.text)
    FDCAN2_IT0_IRQHandler                    0x080002d3   Thumb Code     0  startup_stm32g474xx.o(.text)
    FDCAN2_IT1_IRQHandler                    0x080002d3   Thumb Code     0  startup_stm32g474xx.o(.text)
    FDCAN3_IT0_IRQHandler                    0x080002d3   Thumb Code     0  startup_stm32g474xx.o(.text)
    FDCAN3_IT1_IRQHandler                    0x080002d3   Thumb Code     0  startup_stm32g474xx.o(.text)
    FLASH_IRQHandler                         0x080002d3   Thumb Code     0  startup_stm32g474xx.o(.text)
    FMAC_IRQHandler                          0x080002d3   Thumb Code     0  startup_stm32g474xx.o(.text)
    FMC_IRQHandler                           0x080002d3   Thumb Code     0  startup_stm32g474xx.o(.text)
    FPU_IRQHandler                           0x080002d3   Thumb Code     0  startup_stm32g474xx.o(.text)
    HRTIM1_FLT_IRQHandler                    0x080002d3   Thumb Code     0  startup_stm32g474xx.o(.text)
    HRTIM1_Master_IRQHandler                 0x080002d3   Thumb Code     0  startup_stm32g474xx.o(.text)
    HRTIM1_TIMA_IRQHandler                   0x080002d3   Thumb Code     0  startup_stm32g474xx.o(.text)
    HRTIM1_TIMB_IRQHandler                   0x080002d3   Thumb Code     0  startup_stm32g474xx.o(.text)
    HRTIM1_TIMC_IRQHandler                   0x080002d3   Thumb Code     0  startup_stm32g474xx.o(.text)
    HRTIM1_TIMD_IRQHandler                   0x080002d3   Thumb Code     0  startup_stm32g474xx.o(.text)
    HRTIM1_TIME_IRQHandler                   0x080002d3   Thumb Code     0  startup_stm32g474xx.o(.text)
    HRTIM1_TIMF_IRQHandler                   0x080002d3   Thumb Code     0  startup_stm32g474xx.o(.text)
    I2C1_ER_IRQHandler                       0x080002d3   Thumb Code     0  startup_stm32g474xx.o(.text)
    I2C1_EV_IRQHandler                       0x080002d3   Thumb Code     0  startup_stm32g474xx.o(.text)
    I2C2_ER_IRQHandler                       0x080002d3   Thumb Code     0  startup_stm32g474xx.o(.text)
    I2C2_EV_IRQHandler                       0x080002d3   Thumb Code     0  startup_stm32g474xx.o(.text)
    I2C3_ER_IRQHandler                       0x080002d3   Thumb Code     0  startup_stm32g474xx.o(.text)
    I2C3_EV_IRQHandler                       0x080002d3   Thumb Code     0  startup_stm32g474xx.o(.text)
    I2C4_ER_IRQHandler                       0x080002d3   Thumb Code     0  startup_stm32g474xx.o(.text)
    I2C4_EV_IRQHandler                       0x080002d3   Thumb Code     0  startup_stm32g474xx.o(.text)
    LPTIM1_IRQHandler                        0x080002d3   Thumb Code     0  startup_stm32g474xx.o(.text)
    LPUART1_IRQHandler                       0x080002d3   Thumb Code     0  startup_stm32g474xx.o(.text)
    PVD_PVM_IRQHandler                       0x080002d3   Thumb Code     0  startup_stm32g474xx.o(.text)
    QUADSPI_IRQHandler                       0x080002d3   Thumb Code     0  startup_stm32g474xx.o(.text)
    RCC_IRQHandler                           0x080002d3   Thumb Code     0  startup_stm32g474xx.o(.text)
    RNG_IRQHandler                           0x080002d3   Thumb Code     0  startup_stm32g474xx.o(.text)
    RTC_Alarm_IRQHandler                     0x080002d3   Thumb Code     0  startup_stm32g474xx.o(.text)
    RTC_TAMP_LSECSS_IRQHandler               0x080002d3   Thumb Code     0  startup_stm32g474xx.o(.text)
    RTC_WKUP_IRQHandler                      0x080002d3   Thumb Code     0  startup_stm32g474xx.o(.text)
    SAI1_IRQHandler                          0x080002d3   Thumb Code     0  startup_stm32g474xx.o(.text)
    SPI1_IRQHandler                          0x080002d3   Thumb Code     0  startup_stm32g474xx.o(.text)
    SPI2_IRQHandler                          0x080002d3   Thumb Code     0  startup_stm32g474xx.o(.text)
    SPI3_IRQHandler                          0x080002d3   Thumb Code     0  startup_stm32g474xx.o(.text)
    SPI4_IRQHandler                          0x080002d3   Thumb Code     0  startup_stm32g474xx.o(.text)
    TIM1_BRK_TIM15_IRQHandler                0x080002d3   Thumb Code     0  startup_stm32g474xx.o(.text)
    TIM1_CC_IRQHandler                       0x080002d3   Thumb Code     0  startup_stm32g474xx.o(.text)
    TIM1_TRG_COM_TIM17_IRQHandler            0x080002d3   Thumb Code     0  startup_stm32g474xx.o(.text)
    TIM1_UP_TIM16_IRQHandler                 0x080002d3   Thumb Code     0  startup_stm32g474xx.o(.text)
    TIM20_BRK_IRQHandler                     0x080002d3   Thumb Code     0  startup_stm32g474xx.o(.text)
    TIM20_CC_IRQHandler                      0x080002d3   Thumb Code     0  startup_stm32g474xx.o(.text)
    TIM20_TRG_COM_IRQHandler                 0x080002d3   Thumb Code     0  startup_stm32g474xx.o(.text)
    TIM20_UP_IRQHandler                      0x080002d3   Thumb Code     0  startup_stm32g474xx.o(.text)
    TIM2_IRQHandler                          0x080002d3   Thumb Code     0  startup_stm32g474xx.o(.text)
    TIM3_IRQHandler                          0x080002d3   Thumb Code     0  startup_stm32g474xx.o(.text)
    TIM4_IRQHandler                          0x080002d3   Thumb Code     0  startup_stm32g474xx.o(.text)
    TIM5_IRQHandler                          0x080002d3   Thumb Code     0  startup_stm32g474xx.o(.text)
    TIM6_DAC_IRQHandler                      0x080002d3   Thumb Code     0  startup_stm32g474xx.o(.text)
    TIM7_DAC_IRQHandler                      0x080002d3   Thumb Code     0  startup_stm32g474xx.o(.text)
    TIM8_BRK_IRQHandler                      0x080002d3   Thumb Code     0  startup_stm32g474xx.o(.text)
    TIM8_CC_IRQHandler                       0x080002d3   Thumb Code     0  startup_stm32g474xx.o(.text)
    TIM8_TRG_COM_IRQHandler                  0x080002d3   Thumb Code     0  startup_stm32g474xx.o(.text)
    TIM8_UP_IRQHandler                       0x080002d3   Thumb Code     0  startup_stm32g474xx.o(.text)
    UART4_IRQHandler                         0x080002d3   Thumb Code     0  startup_stm32g474xx.o(.text)
    UART5_IRQHandler                         0x080002d3   Thumb Code     0  startup_stm32g474xx.o(.text)
    UCPD1_IRQHandler                         0x080002d3   Thumb Code     0  startup_stm32g474xx.o(.text)
    USART2_IRQHandler                        0x080002d3   Thumb Code     0  startup_stm32g474xx.o(.text)
    USART3_IRQHandler                        0x080002d3   Thumb Code     0  startup_stm32g474xx.o(.text)
    USBWakeUp_IRQHandler                     0x080002d3   Thumb Code     0  startup_stm32g474xx.o(.text)
    USB_HP_IRQHandler                        0x080002d3   Thumb Code     0  startup_stm32g474xx.o(.text)
    USB_LP_IRQHandler                        0x080002d3   Thumb Code     0  startup_stm32g474xx.o(.text)
    WWDG_IRQHandler                          0x080002d3   Thumb Code     0  startup_stm32g474xx.o(.text)
    __user_initial_stackheap                 0x080002d5   Thumb Code     0  startup_stm32g474xx.o(.text)
    __aeabi_uldivmod                         0x080002f9   Thumb Code     0  lludivv7m.o(.text)
    _ll_udiv                                 0x080002f9   Thumb Code   238  lludivv7m.o(.text)
    __aeabi_memclr4                          0x080003e7   Thumb Code     0  rt_memclr_w.o(.text)
    __aeabi_memclr8                          0x080003e7   Thumb Code     0  rt_memclr_w.o(.text)
    __rt_memclr_w                            0x080003e7   Thumb Code    78  rt_memclr_w.o(.text)
    _memset_w                                0x080003eb   Thumb Code     0  rt_memclr_w.o(.text)
    __use_two_region_memory                  0x08000435   Thumb Code     2  heapauxi.o(.text)
    __rt_heap_escrow$2region                 0x08000437   Thumb Code     2  heapauxi.o(.text)
    __rt_heap_expand$2region                 0x08000439   Thumb Code     2  heapauxi.o(.text)
    __user_libspace                          0x0800043d   Thumb Code     8  libspace.o(.text)
    __user_perproc_libspace                  0x0800043d   Thumb Code     0  libspace.o(.text)
    __user_perthread_libspace                0x0800043d   Thumb Code     0  libspace.o(.text)
    __user_setup_stackheap                   0x08000445   Thumb Code    74  sys_stackheap_outer.o(.text)
    exit                                     0x0800048f   Thumb Code    12  exit.o(.text)
    _sys_exit                                0x0800049d   Thumb Code     8  sys_exit.o(.text)
    __I$use$semihosting                      0x080004a9   Thumb Code     0  use_no_semi.o(.text)
    __use_no_semihosting_swi                 0x080004a9   Thumb Code     2  use_no_semi.o(.text)
    BusFault_Handler                         0x080004ab   Thumb Code     2  stm32g4xx_it.o(i.BusFault_Handler)
    __semihosting_library_function           0x080004ab   Thumb Code     0  indicate_semi.o(.text)
    DebugMon_Handler                         0x080004ad   Thumb Code     2  stm32g4xx_it.o(i.DebugMon_Handler)
    EXTI15_10_IRQHandler                     0x080004af   Thumb Code     8  stm32g4xx_it.o(i.EXTI15_10_IRQHandler)
    Error_Handler                            0x080004b7   Thumb Code     4  main.o(i.Error_Handler)
    HAL_DMA_Abort                            0x080004bb   Thumb Code   106  stm32g4xx_hal_dma.o(i.HAL_DMA_Abort)
    HAL_DMA_Abort_IT                         0x08000525   Thumb Code   120  stm32g4xx_hal_dma.o(i.HAL_DMA_Abort_IT)
    HAL_GPIO_EXTI_Callback                   0x0800059d   Thumb Code    34  main.o(i.HAL_GPIO_EXTI_Callback)
    HAL_GPIO_EXTI_IRQHandler                 0x080005c5   Thumb Code    18  stm32g4xx_hal_gpio.o(i.HAL_GPIO_EXTI_IRQHandler)
    HAL_GPIO_Init                            0x080005dd   Thumb Code   550  stm32g4xx_hal_gpio.o(i.HAL_GPIO_Init)
    HAL_GPIO_ReadPin                         0x08000825   Thumb Code    10  stm32g4xx_hal_gpio.o(i.HAL_GPIO_ReadPin)
    HAL_GPIO_WritePin                        0x0800082f   Thumb Code    10  stm32g4xx_hal_gpio.o(i.HAL_GPIO_WritePin)
    HAL_GetTick                              0x08000839   Thumb Code     6  stm32g4xx_hal.o(i.HAL_GetTick)
    HAL_IncTick                              0x08000845   Thumb Code    12  stm32g4xx_hal.o(i.HAL_IncTick)
    HAL_Init                                 0x08000855   Thumb Code    30  stm32g4xx_hal.o(i.HAL_Init)
    HAL_InitTick                             0x08000875   Thumb Code    58  stm32g4xx_hal.o(i.HAL_InitTick)
    HAL_MspInit                              0x080008b9   Thumb Code    42  stm32g4xx_hal_msp.o(i.HAL_MspInit)
    HAL_NVIC_EnableIRQ                       0x080008e9   Thumb Code    26  stm32g4xx_hal_cortex.o(i.HAL_NVIC_EnableIRQ)
    HAL_NVIC_SetPriority                     0x08000905   Thumb Code    60  stm32g4xx_hal_cortex.o(i.HAL_NVIC_SetPriority)
    HAL_NVIC_SetPriorityGrouping             0x08000945   Thumb Code    26  stm32g4xx_hal_cortex.o(i.HAL_NVIC_SetPriorityGrouping)
    HAL_PWREx_ControlVoltageScaling          0x08000969   Thumb Code   174  stm32g4xx_hal_pwr_ex.o(i.HAL_PWREx_ControlVoltageScaling)
    HAL_PWREx_DisableUCPDDeadBattery         0x08000a25   Thumb Code    12  stm32g4xx_hal_pwr_ex.o(i.HAL_PWREx_DisableUCPDDeadBattery)
    HAL_RCCEx_PeriphCLKConfig                0x08000a35   Thumb Code   758  stm32g4xx_hal_rcc_ex.o(i.HAL_RCCEx_PeriphCLKConfig)
    HAL_RCC_ClockConfig                      0x08000d35   Thumb Code   444  stm32g4xx_hal_rcc.o(i.HAL_RCC_ClockConfig)
    HAL_RCC_GetPCLK1Freq                     0x08000f11   Thumb Code    24  stm32g4xx_hal_rcc.o(i.HAL_RCC_GetPCLK1Freq)
    HAL_RCC_GetPCLK2Freq                     0x08000f35   Thumb Code    24  stm32g4xx_hal_rcc.o(i.HAL_RCC_GetPCLK2Freq)
    HAL_RCC_GetSysClockFreq                  0x08000f59   Thumb Code    98  stm32g4xx_hal_rcc.o(i.HAL_RCC_GetSysClockFreq)
    HAL_RCC_OscConfig                        0x08000fc9   Thumb Code  1036  stm32g4xx_hal_rcc.o(i.HAL_RCC_OscConfig)
    HAL_SYSTICK_CLKSourceConfig              0x080013d5   Thumb Code    24  stm32g4xx_hal_cortex.o(i.HAL_SYSTICK_CLKSourceConfig)
    HAL_SYSTICK_Config                       0x080013ed   Thumb Code    40  stm32g4xx_hal_cortex.o(i.HAL_SYSTICK_Config)
    HAL_UARTEx_DisableFifoMode               0x08001415   Thumb Code    62  stm32g4xx_hal_uart_ex.o(i.HAL_UARTEx_DisableFifoMode)
    HAL_UARTEx_RxEventCallback               0x08001453   Thumb Code     2  stm32g4xx_hal_uart.o(i.HAL_UARTEx_RxEventCallback)
    HAL_UARTEx_RxFifoFullCallback            0x08001455   Thumb Code     2  stm32g4xx_hal_uart_ex.o(i.HAL_UARTEx_RxFifoFullCallback)
    HAL_UARTEx_SetRxFifoThreshold            0x08001457   Thumb Code    76  stm32g4xx_hal_uart_ex.o(i.HAL_UARTEx_SetRxFifoThreshold)
    HAL_UARTEx_SetTxFifoThreshold            0x080014a3   Thumb Code    76  stm32g4xx_hal_uart_ex.o(i.HAL_UARTEx_SetTxFifoThreshold)
    HAL_UARTEx_TxFifoEmptyCallback           0x080014ef   Thumb Code     2  stm32g4xx_hal_uart_ex.o(i.HAL_UARTEx_TxFifoEmptyCallback)
    HAL_UARTEx_WakeupCallback                0x080014f1   Thumb Code     2  stm32g4xx_hal_uart_ex.o(i.HAL_UARTEx_WakeupCallback)
    HAL_UART_ErrorCallback                   0x080014f3   Thumb Code     2  stm32g4xx_hal_uart.o(i.HAL_UART_ErrorCallback)
    HAL_UART_IRQHandler                      0x080014f5   Thumb Code   722  stm32g4xx_hal_uart.o(i.HAL_UART_IRQHandler)
    HAL_UART_Init                            0x080017d5   Thumb Code   106  stm32g4xx_hal_uart.o(i.HAL_UART_Init)
    HAL_UART_MspInit                         0x08001841   Thumb Code   128  usart.o(i.HAL_UART_MspInit)
    HAL_UART_TxCpltCallback                  0x080018cd   Thumb Code     2  stm32g4xx_hal_uart.o(i.HAL_UART_TxCpltCallback)
    HardFault_Handler                        0x080018cf   Thumb Code     2  stm32g4xx_it.o(i.HardFault_Handler)
    I2C_WriteByte                            0x080018d1   Thumb Code    48  oled_i2c.o(i.I2C_WriteByte)
    IIC_Init                                 0x08001901   Thumb Code    28  myiic.o(i.IIC_Init)
    IIC_Send_Byte                            0x08001921   Thumb Code   116  myiic.o(i.IIC_Send_Byte)
    IIC_Start                                0x08001999   Thumb Code    80  myiic.o(i.IIC_Start)
    IIC_Stop                                 0x080019ed   Thumb Code    82  myiic.o(i.IIC_Stop)
    IIC_Wait_Ack                             0x08001a45   Thumb Code   102  myiic.o(i.IIC_Wait_Ack)
    MX_GPIO_Init                             0x08001ab1   Thumb Code   196  gpio.o(i.MX_GPIO_Init)
    MX_USART1_UART_Init                      0x08001b81   Thumb Code    94  usart.o(i.MX_USART1_UART_Init)
    MemManage_Handler                        0x08001be9   Thumb Code     2  stm32g4xx_it.o(i.MemManage_Handler)
    MyUSART1_CanReadLine                     0x08001bed   Thumb Code    40  myusart1.o(i.MyUSART1_CanReadLine)
    MyUSART1_IRQHandler                      0x08001c1d   Thumb Code    40  myusart1.o(i.MyUSART1_IRQHandler)
    MyUSART1_Init                            0x08001c51   Thumb Code    16  myusart1.o(i.MyUSART1_Init)
    MyUSART1_ReadLine                        0x08001c65   Thumb Code    62  myusart1.o(i.MyUSART1_ReadLine)
    MyUSART1_WriteChar                       0x08001cad   Thumb Code    18  myusart1.o(i.MyUSART1_WriteChar)
    MyUSART1_WriteLine                       0x08001cc9   Thumb Code    46  myusart1.o(i.MyUSART1_WriteLine)
    NMI_Handler                              0x08001cf7   Thumb Code     2  stm32g4xx_it.o(i.NMI_Handler)
    OLED_CLS                                 0x08001cf9   Thumb Code     6  oled_i2c.o(i.OLED_CLS)
    OLED_Fill                                0x08001d01   Thumb Code    56  oled_i2c.o(i.OLED_Fill)
    OLED_Init                                0x08001d39   Thumb Code   194  oled_i2c.o(i.OLED_Init)
    OLED_SetPos                              0x08001e01   Thumb Code    38  oled_i2c.o(i.OLED_SetPos)
    OLED_ShowChar                            0x08001e29   Thumb Code   116  oled_i2c.o(i.OLED_ShowChar)
    OLED_ShowInt                             0x08001ea5   Thumb Code   134  oled_i2c.o(i.OLED_ShowInt)
    OLED_ShowStr                             0x08001f2d   Thumb Code   208  oled_i2c.o(i.OLED_ShowStr)
    PendSV_Handler                           0x08002005   Thumb Code     2  stm32g4xx_it.o(i.PendSV_Handler)
    SVC_Handler                              0x08002007   Thumb Code     2  stm32g4xx_it.o(i.SVC_Handler)
    SysTick_Handler                          0x08002009   Thumb Code     4  stm32g4xx_it.o(i.SysTick_Handler)
    SystemClock_Config                       0x0800200d   Thumb Code   102  main.o(i.SystemClock_Config)
    SystemInit                               0x08002075   Thumb Code    12  system_stm32g4xx.o(i.SystemInit)
    UART_AdvFeatureConfig                    0x080020c9   Thumb Code   200  stm32g4xx_hal_uart.o(i.UART_AdvFeatureConfig)
    UART_CheckIdleState                      0x08002191   Thumb Code    96  stm32g4xx_hal_uart.o(i.UART_CheckIdleState)
    UART_SetConfig                           0x08002259   Thumb Code   614  stm32g4xx_hal_uart.o(i.UART_SetConfig)
    UART_WaitOnFlagUntilTimeout              0x080024f1   Thumb Code   198  stm32g4xx_hal_uart.o(i.UART_WaitOnFlagUntilTimeout)
    USART1_IRQHandler                        0x080025b9   Thumb Code    18  stm32g4xx_it.o(i.USART1_IRQHandler)
    UsageFault_Handler                       0x080025d5   Thumb Code     2  stm32g4xx_it.o(i.UsageFault_Handler)
    WriteCmd                                 0x080025d7   Thumb Code     8  oled_i2c.o(i.WriteCmd)
    WriteDat                                 0x080025df   Thumb Code     8  oled_i2c.o(i.WriteDat)
    X9C_Config                               0x080025e9   Thumb Code    60  x9c.o(i.X9C_Config)
    X9C_Dec_N_Step                           0x0800262d   Thumb Code    98  x9c.o(i.X9C_Dec_N_Step)
    X9C_Inc_N_Step                           0x08002695   Thumb Code    88  x9c.o(i.X9C_Inc_N_Step)
    X9C_Init                                 0x080026f1   Thumb Code    22  x9c.o(i.X9C_Init)
    __MyUSART1_Shift                         0x08002709   Thumb Code    34  myusart1.o(i.__MyUSART1_Shift)
    delay_init                               0x08002755   Thumb Code    16  delay.o(i.delay_init)
    delay_ms                                 0x08002769   Thumb Code    10  delay.o(i.delay_ms)
    delay_us                                 0x08002775   Thumb Code    48  delay.o(i.delay_us)
    main                                     0x080027a9   Thumb Code   116  main.o(i.main)
    _fp_init                                 0x08002845   Thumb Code    10  fpinit.o(x$fpl$fpinit)
    __fplib_config_fpu_vfp                   0x0800284d   Thumb Code     0  fpinit.o(x$fpl$fpinit)
    __fplib_config_pureend_doubles           0x0800284d   Thumb Code     0  fpinit.o(x$fpl$fpinit)
    UARTPrescTable                           0x0800284e   Data          24  stm32g4xx_hal_uart.o(.constdata)
    AHBPrescTable                            0x08002876   Data          16  system_stm32g4xx.o(.constdata)
    APBPrescTable                            0x08002886   Data           8  system_stm32g4xx.o(.constdata)
    F6x8                                     0x08002896   Data         558  oled_i2c.o(.constdata)
    F8X16                                    0x08002ac4   Data        1520  oled_i2c.o(.constdata)
    Region$$Table$$Base                      0x080030b4   Number         0  anon$$obj.o(Region$$Table)
    Region$$Table$$Limit                     0x080030d4   Number         0  anon$$obj.o(Region$$Table)
    uwTickPrio                               0x20000004   Data           4  stm32g4xx_hal.o(.data)
    uwTickFreq                               0x20000008   Data           4  stm32g4xx_hal.o(.data)
    uwTick                                   0x2000000c   Data           4  stm32g4xx_hal.o(.data)
    SystemCoreClock                          0x20000010   Data           4  system_stm32g4xx.o(.data)
    RevState                                 0x20000016   Data           1  oled_i2c.o(.data)
    brightness                               0x20000017   Data           1  oled_i2c.o(.data)
    isScrolling                              0x20000018   Data           1  oled_i2c.o(.data)
    F16x16                                   0x20000019   Data         544  oled_i2c.o(.data)
    MyUSART1_bufferOverflowFlag              0x2000023c   Data           1  myusart1.o(.data)
    MyUSART1_bufferPos                       0x20000240   Data           4  myusart1.o(.data)
    MyUSART1_dummyHandle                     0x20000244   Data           4  myusart1.o(.data)
    huart1                                   0x20000248   Data         144  usart.o(.bss)
    MyUSART1_buffer                          0x200002d8   Data         100  myusart1.o(.bss)
    __libspace_start                         0x2000033c   Data          96  libspace.o(.bss)
    __temporary_stack_top$libspace           0x2000039c   Data           0  libspace.o(.bss)



==============================================================================

Memory Map of the image

  Image Entry point : 0x080001d9

  Load Region LR_IROM1 (Base: 0x08000000, Size: 0x0000331c, Max: 0x00080000, ABSOLUTE, COMPRESSED[0x00003294])

    Execution Region ER_IROM1 (Exec base: 0x08000000, Load base: 0x08000000, Size: 0x000030d4, Max: 0x00080000, ABSOLUTE)

    Exec Addr    Load Addr    Size         Type   Attr      Idx    E Section Name        Object

    0x08000000   0x08000000   0x000001d8   Data   RO            3    RESET               startup_stm32g474xx.o
    0x080001d8   0x080001d8   0x00000008   Code   RO         2980  * !!!main             c_w.l(__main.o)
    0x080001e0   0x080001e0   0x00000034   Code   RO         3203    !!!scatter          c_w.l(__scatter.o)
    0x08000214   0x08000214   0x0000005a   Code   RO         3201    !!dczerorl2         c_w.l(__dczerorl2.o)
    0x0800026e   0x0800026e   0x00000002   PAD
    0x08000270   0x08000270   0x0000001c   Code   RO         3205    !!handler_zi        c_w.l(__scatter_zi.o)
    0x0800028c   0x0800028c   0x00000002   Code   RO         3075    .ARM.Collect$$libinit$$00000000  c_w.l(libinit.o)
    0x0800028e   0x0800028e   0x00000004   Code   RO         3076    .ARM.Collect$$libinit$$00000001  c_w.l(libinit2.o)
    0x08000292   0x08000292   0x00000000   Code   RO         3079    .ARM.Collect$$libinit$$00000004  c_w.l(libinit2.o)
    0x08000292   0x08000292   0x00000000   Code   RO         3082    .ARM.Collect$$libinit$$0000000A  c_w.l(libinit2.o)
    0x08000292   0x08000292   0x00000000   Code   RO         3084    .ARM.Collect$$libinit$$0000000C  c_w.l(libinit2.o)
    0x08000292   0x08000292   0x00000000   Code   RO         3086    .ARM.Collect$$libinit$$0000000E  c_w.l(libinit2.o)
    0x08000292   0x08000292   0x00000000   Code   RO         3089    .ARM.Collect$$libinit$$00000011  c_w.l(libinit2.o)
    0x08000292   0x08000292   0x00000000   Code   RO         3091    .ARM.Collect$$libinit$$00000013  c_w.l(libinit2.o)
    0x08000292   0x08000292   0x00000000   Code   RO         3093    .ARM.Collect$$libinit$$00000015  c_w.l(libinit2.o)
    0x08000292   0x08000292   0x00000000   Code   RO         3095    .ARM.Collect$$libinit$$00000017  c_w.l(libinit2.o)
    0x08000292   0x08000292   0x00000000   Code   RO         3097    .ARM.Collect$$libinit$$00000019  c_w.l(libinit2.o)
    0x08000292   0x08000292   0x00000000   Code   RO         3099    .ARM.Collect$$libinit$$0000001B  c_w.l(libinit2.o)
    0x08000292   0x08000292   0x00000000   Code   RO         3101    .ARM.Collect$$libinit$$0000001D  c_w.l(libinit2.o)
    0x08000292   0x08000292   0x00000000   Code   RO         3103    .ARM.Collect$$libinit$$0000001F  c_w.l(libinit2.o)
    0x08000292   0x08000292   0x00000000   Code   RO         3105    .ARM.Collect$$libinit$$00000021  c_w.l(libinit2.o)
    0x08000292   0x08000292   0x00000000   Code   RO         3107    .ARM.Collect$$libinit$$00000023  c_w.l(libinit2.o)
    0x08000292   0x08000292   0x00000000   Code   RO         3109    .ARM.Collect$$libinit$$00000025  c_w.l(libinit2.o)
    0x08000292   0x08000292   0x00000000   Code   RO         3113    .ARM.Collect$$libinit$$0000002C  c_w.l(libinit2.o)
    0x08000292   0x08000292   0x00000000   Code   RO         3115    .ARM.Collect$$libinit$$0000002E  c_w.l(libinit2.o)
    0x08000292   0x08000292   0x00000000   Code   RO         3117    .ARM.Collect$$libinit$$00000030  c_w.l(libinit2.o)
    0x08000292   0x08000292   0x00000000   Code   RO         3119    .ARM.Collect$$libinit$$00000032  c_w.l(libinit2.o)
    0x08000292   0x08000292   0x00000002   Code   RO         3120    .ARM.Collect$$libinit$$00000033  c_w.l(libinit2.o)
    0x08000294   0x08000294   0x00000002   Code   RO         3167    .ARM.Collect$$libshutdown$$00000000  c_w.l(libshutdown.o)
    0x08000296   0x08000296   0x00000000   Code   RO         3186    .ARM.Collect$$libshutdown$$00000003  c_w.l(libshutdown2.o)
    0x08000296   0x08000296   0x00000000   Code   RO         3189    .ARM.Collect$$libshutdown$$00000006  c_w.l(libshutdown2.o)
    0x08000296   0x08000296   0x00000000   Code   RO         3192    .ARM.Collect$$libshutdown$$00000009  c_w.l(libshutdown2.o)
    0x08000296   0x08000296   0x00000000   Code   RO         3194    .ARM.Collect$$libshutdown$$0000000B  c_w.l(libshutdown2.o)
    0x08000296   0x08000296   0x00000000   Code   RO         3197    .ARM.Collect$$libshutdown$$0000000E  c_w.l(libshutdown2.o)
    0x08000296   0x08000296   0x00000002   Code   RO         3198    .ARM.Collect$$libshutdown$$0000000F  c_w.l(libshutdown2.o)
    0x08000298   0x08000298   0x00000000   Code   RO         2984    .ARM.Collect$$rtentry$$00000000  c_w.l(__rtentry.o)
    0x08000298   0x08000298   0x00000000   Code   RO         2997    .ARM.Collect$$rtentry$$00000002  c_w.l(__rtentry2.o)
    0x08000298   0x08000298   0x00000006   Code   RO         3009    .ARM.Collect$$rtentry$$00000004  c_w.l(__rtentry4.o)
    0x0800029e   0x0800029e   0x00000000   Code   RO         2999    .ARM.Collect$$rtentry$$00000009  c_w.l(__rtentry2.o)
    0x0800029e   0x0800029e   0x00000004   Code   RO         3000    .ARM.Collect$$rtentry$$0000000A  c_w.l(__rtentry2.o)
    0x080002a2   0x080002a2   0x00000000   Code   RO         3002    .ARM.Collect$$rtentry$$0000000C  c_w.l(__rtentry2.o)
    0x080002a2   0x080002a2   0x00000008   Code   RO         3003    .ARM.Collect$$rtentry$$0000000D  c_w.l(__rtentry2.o)
    0x080002aa   0x080002aa   0x00000002   Code   RO         3121    .ARM.Collect$$rtexit$$00000000  c_w.l(rtexit.o)
    0x080002ac   0x080002ac   0x00000000   Code   RO         3136    .ARM.Collect$$rtexit$$00000002  c_w.l(rtexit2.o)
    0x080002ac   0x080002ac   0x00000004   Code   RO         3137    .ARM.Collect$$rtexit$$00000003  c_w.l(rtexit2.o)
    0x080002b0   0x080002b0   0x00000006   Code   RO         3138    .ARM.Collect$$rtexit$$00000004  c_w.l(rtexit2.o)
    0x080002b6   0x080002b6   0x00000002   PAD
    0x080002b8   0x080002b8   0x00000040   Code   RO            4    .text               startup_stm32g474xx.o
    0x080002f8   0x080002f8   0x000000ee   Code   RO         2944    .text               c_w.l(lludivv7m.o)
    0x080003e6   0x080003e6   0x0000004e   Code   RO         2976    .text               c_w.l(rt_memclr_w.o)
    0x08000434   0x08000434   0x00000006   Code   RO         2978    .text               c_w.l(heapauxi.o)
    0x0800043a   0x0800043a   0x00000002   PAD
    0x0800043c   0x0800043c   0x00000008   Code   RO         3057    .text               c_w.l(libspace.o)
    0x08000444   0x08000444   0x0000004a   Code   RO         3060    .text               c_w.l(sys_stackheap_outer.o)
    0x0800048e   0x0800048e   0x0000000c   Code   RO         3062    .text               c_w.l(exit.o)
    0x0800049a   0x0800049a   0x00000002   PAD
    0x0800049c   0x0800049c   0x0000000c   Code   RO         3133    .text               c_w.l(sys_exit.o)
    0x080004a8   0x080004a8   0x00000002   Code   RO         3154    .text               c_w.l(use_no_semi.o)
    0x080004aa   0x080004aa   0x00000000   Code   RO         3156    .text               c_w.l(indicate_semi.o)
    0x080004aa   0x080004aa   0x00000002   Code   RO          242    i.BusFault_Handler  stm32g4xx_it.o
    0x080004ac   0x080004ac   0x00000002   Code   RO          243    i.DebugMon_Handler  stm32g4xx_it.o
    0x080004ae   0x080004ae   0x00000008   Code   RO          244    i.EXTI15_10_IRQHandler  stm32g4xx_it.o
    0x080004b6   0x080004b6   0x00000004   Code   RO           13    i.Error_Handler     main.o
    0x080004ba   0x080004ba   0x0000006a   Code   RO         2013    i.HAL_DMA_Abort     stm32g4xx_hal_dma.o
    0x08000524   0x08000524   0x00000078   Code   RO         2014    i.HAL_DMA_Abort_IT  stm32g4xx_hal_dma.o
    0x0800059c   0x0800059c   0x00000028   Code   RO           14    i.HAL_GPIO_EXTI_Callback  main.o
    0x080005c4   0x080005c4   0x00000018   Code   RO         1874    i.HAL_GPIO_EXTI_IRQHandler  stm32g4xx_hal_gpio.o
    0x080005dc   0x080005dc   0x00000248   Code   RO         1875    i.HAL_GPIO_Init     stm32g4xx_hal_gpio.o
    0x08000824   0x08000824   0x0000000a   Code   RO         1877    i.HAL_GPIO_ReadPin  stm32g4xx_hal_gpio.o
    0x0800082e   0x0800082e   0x0000000a   Code   RO         1879    i.HAL_GPIO_WritePin  stm32g4xx_hal_gpio.o
    0x08000838   0x08000838   0x0000000c   Code   RO         1172    i.HAL_GetTick       stm32g4xx_hal.o
    0x08000844   0x08000844   0x00000010   Code   RO         1175    i.HAL_IncTick       stm32g4xx_hal.o
    0x08000854   0x08000854   0x0000001e   Code   RO         1176    i.HAL_Init          stm32g4xx_hal.o
    0x08000872   0x08000872   0x00000002   PAD
    0x08000874   0x08000874   0x00000044   Code   RO         1177    i.HAL_InitTick      stm32g4xx_hal.o
    0x080008b8   0x080008b8   0x00000030   Code   RO          329    i.HAL_MspInit       stm32g4xx_hal_msp.o
    0x080008e8   0x080008e8   0x0000001a   Code   RO         2282    i.HAL_NVIC_EnableIRQ  stm32g4xx_hal_cortex.o
    0x08000902   0x08000902   0x00000002   PAD
    0x08000904   0x08000904   0x00000040   Code   RO         2288    i.HAL_NVIC_SetPriority  stm32g4xx_hal_cortex.o
    0x08000944   0x08000944   0x00000024   Code   RO         2289    i.HAL_NVIC_SetPriorityGrouping  stm32g4xx_hal_cortex.o
    0x08000968   0x08000968   0x000000bc   Code   RO          390    i.HAL_PWREx_ControlVoltageScaling  stm32g4xx_hal_pwr_ex.o
    0x08000a24   0x08000a24   0x00000010   Code   RO          402    i.HAL_PWREx_DisableUCPDDeadBattery  stm32g4xx_hal_pwr_ex.o
    0x08000a34   0x08000a34   0x00000300   Code   RO         1521    i.HAL_RCCEx_PeriphCLKConfig  stm32g4xx_hal_rcc_ex.o
    0x08000d34   0x08000d34   0x000001dc   Code   RO         1396    i.HAL_RCC_ClockConfig  stm32g4xx_hal_rcc.o
    0x08000f10   0x08000f10   0x00000024   Code   RO         1404    i.HAL_RCC_GetPCLK1Freq  stm32g4xx_hal_rcc.o
    0x08000f34   0x08000f34   0x00000024   Code   RO         1405    i.HAL_RCC_GetPCLK2Freq  stm32g4xx_hal_rcc.o
    0x08000f58   0x08000f58   0x00000070   Code   RO         1406    i.HAL_RCC_GetSysClockFreq  stm32g4xx_hal_rcc.o
    0x08000fc8   0x08000fc8   0x0000040c   Code   RO         1409    i.HAL_RCC_OscConfig  stm32g4xx_hal_rcc.o
    0x080013d4   0x080013d4   0x00000018   Code   RO         2291    i.HAL_SYSTICK_CLKSourceConfig  stm32g4xx_hal_cortex.o
    0x080013ec   0x080013ec   0x00000028   Code   RO         2293    i.HAL_SYSTICK_Config  stm32g4xx_hal_cortex.o
    0x08001414   0x08001414   0x0000003e   Code   RO         1049    i.HAL_UARTEx_DisableFifoMode  stm32g4xx_hal_uart_ex.o
    0x08001452   0x08001452   0x00000002   Code   RO          638    i.HAL_UARTEx_RxEventCallback  stm32g4xx_hal_uart.o
    0x08001454   0x08001454   0x00000002   Code   RO         1056    i.HAL_UARTEx_RxFifoFullCallback  stm32g4xx_hal_uart_ex.o
    0x08001456   0x08001456   0x0000004c   Code   RO         1057    i.HAL_UARTEx_SetRxFifoThreshold  stm32g4xx_hal_uart_ex.o
    0x080014a2   0x080014a2   0x0000004c   Code   RO         1058    i.HAL_UARTEx_SetTxFifoThreshold  stm32g4xx_hal_uart_ex.o
    0x080014ee   0x080014ee   0x00000002   Code   RO         1060    i.HAL_UARTEx_TxFifoEmptyCallback  stm32g4xx_hal_uart_ex.o
    0x080014f0   0x080014f0   0x00000002   Code   RO         1061    i.HAL_UARTEx_WakeupCallback  stm32g4xx_hal_uart_ex.o
    0x080014f2   0x080014f2   0x00000002   Code   RO          654    i.HAL_UART_ErrorCallback  stm32g4xx_hal_uart.o
    0x080014f4   0x080014f4   0x000002e0   Code   RO          657    i.HAL_UART_IRQHandler  stm32g4xx_hal_uart.o
    0x080017d4   0x080017d4   0x0000006a   Code   RO          658    i.HAL_UART_Init     stm32g4xx_hal_uart.o
    0x0800183e   0x0800183e   0x00000002   PAD
    0x08001840   0x08001840   0x0000008c   Code   RO          201    i.HAL_UART_MspInit  usart.o
    0x080018cc   0x080018cc   0x00000002   Code   RO          670    i.HAL_UART_TxCpltCallback  stm32g4xx_hal_uart.o
    0x080018ce   0x080018ce   0x00000002   Code   RO          245    i.HardFault_Handler  stm32g4xx_it.o
    0x080018d0   0x080018d0   0x00000030   Code   RO         2572    i.I2C_WriteByte     oled_i2c.o
    0x08001900   0x08001900   0x00000020   Code   RO         2504    i.IIC_Init          myiic.o
    0x08001920   0x08001920   0x00000078   Code   RO         2507    i.IIC_Send_Byte     myiic.o
    0x08001998   0x08001998   0x00000054   Code   RO         2508    i.IIC_Start         myiic.o
    0x080019ec   0x080019ec   0x00000058   Code   RO         2509    i.IIC_Stop          myiic.o
    0x08001a44   0x08001a44   0x0000006c   Code   RO         2510    i.IIC_Wait_Ack      myiic.o
    0x08001ab0   0x08001ab0   0x000000d0   Code   RO          176    i.MX_GPIO_Init      gpio.o
    0x08001b80   0x08001b80   0x00000068   Code   RO          202    i.MX_USART1_UART_Init  usart.o
    0x08001be8   0x08001be8   0x00000002   Code   RO          246    i.MemManage_Handler  stm32g4xx_it.o
    0x08001bea   0x08001bea   0x00000002   PAD
    0x08001bec   0x08001bec   0x00000030   Code   RO         2744    i.MyUSART1_CanReadLine  myusart1.o
    0x08001c1c   0x08001c1c   0x00000034   Code   RO         2748    i.MyUSART1_IRQHandler  myusart1.o
    0x08001c50   0x08001c50   0x00000014   Code   RO         2749    i.MyUSART1_Init     myusart1.o
    0x08001c64   0x08001c64   0x00000048   Code   RO         2754    i.MyUSART1_ReadLine  myusart1.o
    0x08001cac   0x08001cac   0x0000001c   Code   RO         2758    i.MyUSART1_WriteChar  myusart1.o
    0x08001cc8   0x08001cc8   0x0000002e   Code   RO         2759    i.MyUSART1_WriteLine  myusart1.o
    0x08001cf6   0x08001cf6   0x00000002   Code   RO          247    i.NMI_Handler       stm32g4xx_it.o
    0x08001cf8   0x08001cf8   0x00000006   Code   RO         2573    i.OLED_CLS          oled_i2c.o
    0x08001cfe   0x08001cfe   0x00000002   PAD
    0x08001d00   0x08001d00   0x00000038   Code   RO         2576    i.OLED_Fill         oled_i2c.o
    0x08001d38   0x08001d38   0x000000c8   Code   RO         2578    i.OLED_Init         oled_i2c.o
    0x08001e00   0x08001e00   0x00000026   Code   RO         2584    i.OLED_SetPos       oled_i2c.o
    0x08001e26   0x08001e26   0x00000002   PAD
    0x08001e28   0x08001e28   0x0000007c   Code   RO         2586    i.OLED_ShowChar     oled_i2c.o
    0x08001ea4   0x08001ea4   0x00000086   Code   RO         2588    i.OLED_ShowInt      oled_i2c.o
    0x08001f2a   0x08001f2a   0x00000002   PAD
    0x08001f2c   0x08001f2c   0x000000d8   Code   RO         2591    i.OLED_ShowStr      oled_i2c.o
    0x08002004   0x08002004   0x00000002   Code   RO          248    i.PendSV_Handler    stm32g4xx_it.o
    0x08002006   0x08002006   0x00000002   Code   RO          249    i.SVC_Handler       stm32g4xx_it.o
    0x08002008   0x08002008   0x00000004   Code   RO          250    i.SysTick_Handler   stm32g4xx_it.o
    0x0800200c   0x0800200c   0x00000066   Code   RO           15    i.SystemClock_Config  main.o
    0x08002072   0x08002072   0x00000002   PAD
    0x08002074   0x08002074   0x00000010   Code   RO         2413    i.SystemInit        system_stm32g4xx.o
    0x08002084   0x08002084   0x00000044   Code   RO         1062    i.UARTEx_SetNbDataToProcess  stm32g4xx_hal_uart_ex.o
    0x080020c8   0x080020c8   0x000000c8   Code   RO          672    i.UART_AdvFeatureConfig  stm32g4xx_hal_uart.o
    0x08002190   0x08002190   0x00000060   Code   RO          673    i.UART_CheckIdleState  stm32g4xx_hal_uart.o
    0x080021f0   0x080021f0   0x00000014   Code   RO          674    i.UART_DMAAbortOnError  stm32g4xx_hal_uart.o
    0x08002204   0x08002204   0x00000054   Code   RO          684    i.UART_EndRxTransfer  stm32g4xx_hal_uart.o
    0x08002258   0x08002258   0x00000298   Code   RO          690    i.UART_SetConfig    stm32g4xx_hal_uart.o
    0x080024f0   0x080024f0   0x000000c6   Code   RO          697    i.UART_WaitOnFlagUntilTimeout  stm32g4xx_hal_uart.o
    0x080025b6   0x080025b6   0x00000002   PAD
    0x080025b8   0x080025b8   0x0000001c   Code   RO          251    i.USART1_IRQHandler  stm32g4xx_it.o
    0x080025d4   0x080025d4   0x00000002   Code   RO          252    i.UsageFault_Handler  stm32g4xx_it.o
    0x080025d6   0x080025d6   0x00000008   Code   RO         2593    i.WriteCmd          oled_i2c.o
    0x080025de   0x080025de   0x00000008   Code   RO         2594    i.WriteDat          oled_i2c.o
    0x080025e6   0x080025e6   0x00000002   PAD
    0x080025e8   0x080025e8   0x00000044   Code   RO         2898    i.X9C_Config        x9c.o
    0x0800262c   0x0800262c   0x00000068   Code   RO         2899    i.X9C_Dec_N_Step    x9c.o
    0x08002694   0x08002694   0x0000005c   Code   RO         2900    i.X9C_Inc_N_Step    x9c.o
    0x080026f0   0x080026f0   0x00000016   Code   RO         2901    i.X9C_Init          x9c.o
    0x08002706   0x08002706   0x00000002   PAD
    0x08002708   0x08002708   0x0000002c   Code   RO         2763    i.__MyUSART1_Shift  myusart1.o
    0x08002734   0x08002734   0x00000020   Code   RO         2295    i.__NVIC_SetPriority  stm32g4xx_hal_cortex.o
    0x08002754   0x08002754   0x00000014   Code   RO         2451    i.delay_init        delay.o
    0x08002768   0x08002768   0x0000000a   Code   RO         2452    i.delay_ms          delay.o
    0x08002772   0x08002772   0x00000002   PAD
    0x08002774   0x08002774   0x00000034   Code   RO         2454    i.delay_us          delay.o
    0x080027a8   0x080027a8   0x0000009c   Code   RO           16    i.main              main.o
    0x08002844   0x08002844   0x0000000a   Code   RO         3131    x$fpl$fpinit        fz_wm.l(fpinit.o)
    0x0800284e   0x0800284e   0x00000018   Data   RO          698    .constdata          stm32g4xx_hal_uart.o
    0x08002866   0x08002866   0x00000010   Data   RO         1063    .constdata          stm32g4xx_hal_uart_ex.o
    0x08002876   0x08002876   0x00000010   Data   RO         2414    .constdata          system_stm32g4xx.o
    0x08002886   0x08002886   0x00000008   Data   RO         2415    .constdata          system_stm32g4xx.o
    0x0800288e   0x0800288e   0x00000826   Data   RO         2596    .constdata          oled_i2c.o
    0x080030b4   0x080030b4   0x00000020   Data   RO         3199    Region$$Table       anon$$obj.o


    Execution Region RW_IRAM1 (Exec base: 0x20000000, Load base: 0x080030d4, Size: 0x000009a0, Max: 0x00020000, ABSOLUTE, COMPRESSED[0x000001c0])

    Exec Addr    Load Addr    Size         Type   Attr      Idx    E Section Name        Object

    0x20000000   COMPRESSED   0x00000002   Data   RW           17    .data               main.o
    0x20000002   COMPRESSED   0x00000002   PAD
    0x20000004   COMPRESSED   0x0000000c   Data   RW         1196    .data               stm32g4xx_hal.o
    0x20000010   COMPRESSED   0x00000004   Data   RW         2416    .data               system_stm32g4xx.o
    0x20000014   COMPRESSED   0x00000002   Data   RW         2455    .data               delay.o
    0x20000016   COMPRESSED   0x00000223   Data   RW         2597    .data               oled_i2c.o
    0x20000239   COMPRESSED   0x00000003   PAD
    0x2000023c   COMPRESSED   0x0000000c   Data   RW         2766    .data               myusart1.o
    0x20000248        -       0x00000090   Zero   RW          203    .bss                usart.o
    0x200002d8        -       0x00000064   Zero   RW         2765    .bss                myusart1.o
    0x2000033c        -       0x00000060   Zero   RW         3058    .bss                c_w.l(libspace.o)
    0x2000039c   COMPRESSED   0x00000004   PAD
    0x200003a0        -       0x00000200   Zero   RW            2    HEAP                startup_stm32g474xx.o
    0x200005a0        -       0x00000400   Zero   RW            1    STACK               startup_stm32g474xx.o


==============================================================================

Image component sizes


      Code (inc. data)   RO Data    RW Data    ZI Data      Debug   Object Name

        82          8          0          2          0       1739   delay.o
       208         12          0          0          0       1007   gpio.o
       302         46          0          2          0     804458   main.o
       432         24          0          0          0       2797   myiic.o
       310         54          0         12        100       6156   myusart1.o
       838         22       2086        547          0       8005   oled_i2c.o
        64         26        472          0       1536        844   startup_stm32g474xx.o
       126         20          0         12          0       3657   stm32g4xx_hal.o
       222         14          0          0          0      34097   stm32g4xx_hal_cortex.o
       226          0          0          0          0       1811   stm32g4xx_hal_dma.o
       628         40          0          0          0       3274   stm32g4xx_hal_gpio.o
        48          6          0          0          0        866   stm32g4xx_hal_msp.o
       204         18          0          0          0       1385   stm32g4xx_hal_pwr_ex.o
      1696         92          0          0          0       6036   stm32g4xx_hal_rcc.o
       768         10          0          0          0       1880   stm32g4xx_hal_rcc_ex.o
      2110         90         24          0          0      28348   stm32g4xx_hal_uart.o
       288          6         16          0          0       5134   stm32g4xx_hal_uart_ex.o
        56         10          0          0          0       5165   stm32g4xx_it.o
        16          4         24          4          0       1127   system_stm32g4xx.o
       244         22          0          0        144       1778   usart.o
       286         18          0          0          0       2570   x9c.o

    ----------------------------------------------------------------------
      9178        542       2654        584       1780     922134   Object Totals
         0          0         32          0          0          0   (incl. Generated)
        24          0          0          5          0          0   (incl. Padding)

    ----------------------------------------------------------------------

      Code (inc. data)   RO Data    RW Data    ZI Data      Debug   Library Member Name

        90          0          0          0          0          0   __dczerorl2.o
         8          0          0          0          0         68   __main.o
         0          0          0          0          0          0   __rtentry.o
        12          0          0          0          0          0   __rtentry2.o
         6          0          0          0          0          0   __rtentry4.o
        52          8          0          0          0          0   __scatter.o
        28          0          0          0          0          0   __scatter_zi.o
        12          0          0          0          0         72   exit.o
         6          0          0          0          0        152   heapauxi.o
         0          0          0          0          0          0   indicate_semi.o
         2          0          0          0          0          0   libinit.o
         6          0          0          0          0          0   libinit2.o
         2          0          0          0          0          0   libshutdown.o
         2          0          0          0          0          0   libshutdown2.o
         8          4          0          0         96         68   libspace.o
       238          0          0          0          0        100   lludivv7m.o
        78          0          0          0          0         80   rt_memclr_w.o
         2          0          0          0          0          0   rtexit.o
        10          0          0          0          0          0   rtexit2.o
        12          4          0          0          0         68   sys_exit.o
        74          0          0          0          0         80   sys_stackheap_outer.o
         2          0          0          0          0         68   use_no_semi.o
        10          0          0          0          0        116   fpinit.o

    ----------------------------------------------------------------------
       668         16          0          0        100        872   Library Totals
         8          0          0          0          4          0   (incl. Padding)

    ----------------------------------------------------------------------

      Code (inc. data)   RO Data    RW Data    ZI Data      Debug   Library Name

       650         16          0          0         96        756   c_w.l
        10          0          0          0          0        116   fz_wm.l

    ----------------------------------------------------------------------
       668         16          0          0        100        872   Library Totals

    ----------------------------------------------------------------------

==============================================================================


      Code (inc. data)   RO Data    RW Data    ZI Data      Debug   

      9846        558       2654        584       1880     914246   Grand Totals
      9846        558       2654        448       1880     914246   ELF Image Totals (compressed)
      9846        558       2654        448          0          0   ROM Totals

==============================================================================

    Total RO  Size (Code + RO Data)                12500 (  12.21kB)
    Total RW  Size (RW Data + ZI Data)              2464 (   2.41kB)
    Total ROM Size (Code + RO Data + RW Data)      12948 (  12.64kB)

==============================================================================

